Component: ARM Compiler 5.06 update 6 (build 750) Tool: armlink [4d35ed]

==============================================================================

Section Cross References

    main.o(i.GPIO_Configure) refers to stm32f4xx_rcc.o(i.RCC_AHB1PeriphClockCmd) for RCC_AHB1PeriphClockCmd
    main.o(i.GPIO_Configure) refers to stm32f4xx_gpio.o(i.GPIO_Init) for GPIO_Init
    main.o(i.GPIO_Configure) refers to stm32f4xx_gpio.o(i.GPIO_ResetBits) for GPIO_ResetBits
    main.o(i.commander_run) refers to printfa.o(i.__0sprintf) for __2sprintf
    main.o(i.commander_run) refers to usart2.o(i.USART2_SendDMA) for USART2_SendDMA
    main.o(i.commander_run) refers to atof.o(i.__hardfp_atof) for __hardfp_atof
    main.o(i.commander_run) refers to d2f.o(.text) for __aeabi_d2f
    main.o(i.commander_run) refers to f2d.o(.text) for __aeabi_f2d
    main.o(i.commander_run) refers to memseta.o(.text) for __aeabi_memclr
    main.o(i.commander_run) refers to usart2.o(.data) for rcv2_flag
    main.o(i.commander_run) refers to usart2.o(.bss) for rcv2_buff
    main.o(i.commander_run) refers to main.o(.data) for target
    main.o(i.commander_run) refers to pid.o(.bss) for PID_velocity
    main.o(i.commander_run) refers to focmotor.o(.data) for shaft_velocity
    main.o(i.main) refers to main.o(i.GPIO_Configure) for GPIO_Configure
    main.o(i.main) refers to usart2.o(i.USART2_Init) for USART2_Init
    main.o(i.main) refers to timer.o(i.TIM1_PWM_Init) for TIM1_PWM_Init
    main.o(i.main) refers to delay.o(i.systick_CountInit) for systick_CountInit
    main.o(i.main) refers to printfa.o(i.__0printf) for __2printf
    main.o(i.main) refers to delay.o(i.delay_ms) for delay_ms
    main.o(i.main) refers to lowsidecurrentsense.o(i.LowsideCurrentSense) for LowsideCurrentSense
    main.o(i.main) refers to lowsidecurrentsense.o(i.LowsideCurrentSense_Init) for LowsideCurrentSense_Init
    main.o(i.main) refers to lowpass_filter.o(i.LPF_init) for LPF_init
    main.o(i.main) refers to pid.o(i.PID_init) for PID_init
    main.o(i.main) refers to adc.o(i.get_vbus_voltage) for get_vbus_voltage
    main.o(i.main) refers to f2d.o(.text) for __aeabi_f2d
    main.o(i.main) refers to hallsensor.o(i.Hall_init) for Hall_init
    main.o(i.main) refers to bldcmotor.o(i.Motor_init) for Motor_init
    main.o(i.main) refers to bldcmotor.o(i.Motor_initFOC) for Motor_initFOC
    main.o(i.main) refers to main.o(i.timecount) for timecount
    main.o(i.main) refers to bldcmotor.o(i.move) for move
    main.o(i.main) refers to bldcmotor.o(i.loopFOC) for loopFOC
    main.o(i.main) refers to main.o(i.commander_run) for commander_run
    main.o(i.main) refers to bldcmotor.o(.data) for voltage_power_supply
    main.o(i.main) refers to focmotor.o(.data) for torque_controller
    main.o(i.main) refers to pid.o(.bss) for PID_current_d
    main.o(i.main) refers to lowpass_filter.o(.bss) for LPF_velocity
    main.o(i.main) refers to main.o(.data) for target
    main.o(i.timecount) refers to delay.o(i._micros) for _micros
    main.o(i.timecount) refers to main.o(.data) for timecntr_pre
    startup_stm32f40_41xxx.o(RESET) refers to startup_stm32f40_41xxx.o(STACK) for __initial_sp
    startup_stm32f40_41xxx.o(RESET) refers to startup_stm32f40_41xxx.o(.text) for Reset_Handler
    startup_stm32f40_41xxx.o(RESET) refers to delay.o(i.SysTick_Handler) for SysTick_Handler
    startup_stm32f40_41xxx.o(RESET) refers to hallsensor.o(i.EXTI4_IRQHandler) for EXTI4_IRQHandler
    startup_stm32f40_41xxx.o(RESET) refers to usart2.o(i.DMA1_Stream6_IRQHandler) for DMA1_Stream6_IRQHandler
    startup_stm32f40_41xxx.o(RESET) refers to adc.o(i.ADC_IRQHandler) for ADC_IRQHandler
    startup_stm32f40_41xxx.o(RESET) refers to hallsensor.o(i.EXTI9_5_IRQHandler) for EXTI9_5_IRQHandler
    startup_stm32f40_41xxx.o(RESET) refers to usart2.o(i.USART2_IRQHandler) for USART2_IRQHandler
    startup_stm32f40_41xxx.o(RESET) refers to adc.o(i.DMA2_Stream0_IRQHandler) for DMA2_Stream0_IRQHandler
    startup_stm32f40_41xxx.o(.text) refers to system_stm32f4xx.o(i.SystemInit) for SystemInit
    startup_stm32f40_41xxx.o(.text) refers to entry.o(.ARM.Collect$$$$00000000) for __main
    system_stm32f4xx.o(i.SystemCoreClockUpdate) refers to system_stm32f4xx.o(.data) for SystemCoreClock
    system_stm32f4xx.o(i.SystemInit) refers to system_stm32f4xx.o(i.SetSysClock) for SetSysClock
    stm32f4xx_adc.o(i.ADC_DeInit) refers to stm32f4xx_rcc.o(i.RCC_APB2PeriphResetCmd) for RCC_APB2PeriphResetCmd
    stm32f4xx_can.o(i.CAN_DeInit) refers to stm32f4xx_rcc.o(i.RCC_APB1PeriphResetCmd) for RCC_APB1PeriphResetCmd
    stm32f4xx_can.o(i.CAN_GetITStatus) refers to stm32f4xx_can.o(i.CheckITStatus) for CheckITStatus
    stm32f4xx_cryp.o(i.CRYP_DeInit) refers to stm32f4xx_rcc.o(i.RCC_AHB2PeriphResetCmd) for RCC_AHB2PeriphResetCmd
    stm32f4xx_cryp_aes.o(i.CRYP_AES_CBC) refers to stm32f4xx_cryp.o(i.CRYP_KeyStructInit) for CRYP_KeyStructInit
[...]
    .ARM.Collect$$$$0000000A                 0x08000190   Section        0  entry8b.o(.ARM.Collect$$$$0000000A)
    .ARM.Collect$$$$0000000B                 0x08000190   Section        8  entry9a.o(.ARM.Collect$$$$0000000B)
    .ARM.Collect$$$$0000000D                 0x08000198   Section        0  entry10a.o(.ARM.Collect$$$$0000000D)
    .ARM.Collect$$$$0000000F                 0x08000198   Section        0  entry11a.o(.ARM.Collect$$$$0000000F)
    .ARM.Collect$$$$00002712                 0x08000198   Section        4  entry2.o(.ARM.Collect$$$$00002712)
    __lit__00000000                          0x08000198   Data           4  entry2.o(.ARM.Collect$$$$00002712)
    .text                                    0x0800019c   Section       36  startup_stm32f40_41xxx.o(.text)
    $v0                                      0x0800019c   Number         0  startup_stm32f40_41xxx.o(.text)
    .text                                    0x080001c0   Section        0  memseta.o(.text)
    .text                                    0x080001e4   Section        0  dadd.o(.text)
    .text                                    0x08000332   Section        0  dmul.o(.text)
    .text                                    0x08000416   Section        0  dflti.o(.text)
    .text                                    0x08000438   Section        0  f2d.o(.text)
    .text                                    0x08000460   Section       48  cdrcmple.o(.text)
    .text                                    0x08000490   Section        0  d2f.o(.text)
    .text                                    0x080004c8   Section        0  uidiv.o(.text)
    .text                                    0x080004f4   Section        0  uldiv.o(.text)
    .text                                    0x08000556   Section        0  llshl.o(.text)
    .text                                    0x08000574   Section        0  llsshr.o(.text)
    .text                                    0x08000598   Section        0  strtod.o(.text)
    _local_sscanf                            0x08000599   Thumb Code    54  strtod.o(.text)
    .text                                    0x08000634   Section        0  iusefp.o(.text)
    .text                                    0x08000634   Section        0  fepilogue.o(.text)
    .text                                    0x080006a2   Section        0  depilogue.o(.text)
    .text                                    0x0800075c   Section        0  ddiv.o(.text)
    .text                                    0x0800083a   Section        0  drem.o(.text)
    .text                                    0x080008c0   Section        0  dfixul.o(.text)
    .text                                    0x080008f0   Section       36  init.o(.text)
    .text                                    0x08000914   Section        0  llushr.o(.text)
    .text                                    0x08000934   Section        0  isspace_c.o(.text)
    .text                                    0x08000940   Section        0  scanf_fp.o(.text)
    _fp_value                                0x08000941   Thumb Code   296  scanf_fp.o(.text)
    .text                                    0x08000ca0   Section        0  _sgetc.o(.text)
    .text                                    0x08000ce0   Section        0  ctype_c.o(.text)
    .text                                    0x08000d08   Section        0  dfltul.o(.text)
    i.ADC1_DMA_Init                          0x08000d20   Section        0  adc.o(i.ADC1_DMA_Init)
    i.ADC2_TRGO_Init                         0x08000e38   Section        0  adc.o(i.ADC2_TRGO_Init)
    i.ADC3_TRGO_Init                         0x08000ee8   Section        0  adc.o(i.ADC3_TRGO_Init)
    i.ADC_AutoInjectedConvCmd                0x08000f98   Section        0  stm32f4xx_adc.o(i.ADC_AutoInjectedConvCmd)
    i.ADC_Cmd                                0x08000fae   Section        0  stm32f4xx_adc.o(i.ADC_Cmd)
    i.ADC_CommonInit                         0x08000fc4   Section        0  stm32f4xx_adc.o(i.ADC_CommonInit)
    i.ADC_Common_Init                        0x08000ff4   Section        0  adc.o(i.ADC_Common_Init)
    i.ADC_DMACmd                             0x08001060   Section        0  stm32f4xx_adc.o(i.ADC_DMACmd)
    i.ADC_DMARequestAfterLastTransferCmd     0x08001076   Section        0  stm32f4xx_adc.o(i.ADC_DMARequestAfterLastTransferCmd)
    i.ADC_EOCOnEachRegularChannelCmd         0x0800108c   Section        0  stm32f4xx_adc.o(i.ADC_EOCOnEachRegularChannelCmd)
    i.ADC_ExternalTrigInjectedConvConfig     0x080010a2   Section        0  stm32f4xx_adc.o(i.ADC_ExternalTrigInjectedConvConfig)
    i.ADC_ExternalTrigInjectedConvEdgeConfig 0x080010b2   Section        0  stm32f4xx_adc.o(i.ADC_ExternalTrigInjectedConvEdgeConfig)
    i.ADC_IRQHandler                         0x080010c4   Section        0  adc.o(i.ADC_IRQHandler)
    i.ADC_ITConfig                           0x0800115c   Section        0  stm32f4xx_adc.o(i.ADC_ITConfig)
    i.ADC_Init                               0x0800117c   Section        0  stm32f4xx_adc.o(i.ADC_Init)
    i.ADC_InjectedChannelConfig              0x080011d0   Section        0  stm32f4xx_adc.o(i.ADC_InjectedChannelConfig)
    i.ADC_InjectedDiscModeCmd                0x08001252   Section        0  stm32f4xx_adc.o(i.ADC_InjectedDiscModeCmd)
    i.ADC_InjectedSequencerLengthConfig      0x08001268   Section        0  stm32f4xx_adc.o(i.ADC_InjectedSequencerLengthConfig)
    i.ADC_RegularChannelConfig               0x08001280   Section        0  stm32f4xx_adc.o(i.ADC_RegularChannelConfig)
    i.ADC_SetInjectedOffset                  0x08001338   Section        0  stm32f4xx_adc.o(i.ADC_SetInjectedOffset)
    i.ADC_SoftwareStartConv                  0x0800134c   Section        0  stm32f4xx_adc.o(i.ADC_SoftwareStartConv)
    i.Current_calibrateOffsets               0x08001358   Section        0  lowsidecurrentsense.o(i.Current_calibrateOffsets)
    i.DMA1_Stream6_IRQHandler                0x080014e4   Section        0  usart2.o(i.DMA1_Stream6_IRQHandler)
    i.DMA2_Stream0_IRQHandler                0x0800150c   Section        0  adc.o(i.DMA2_Stream0_IRQHandler)
    i.DMA_ClearFlag                          0x08001538   Section        0  stm32f4xx_dma.o(i.DMA_ClearFlag)
    i.DMA_ClearITPendingBit                  0x0800156c   Section        0  stm32f4xx_dma.o(i.DMA_ClearITPendingBit)
    i.DMA_Cmd                                0x080015a0   Section        0  stm32f4xx_dma.o(i.DMA_Cmd)
    i.DMA_DeInit                             0x080015b8   Section        0  stm32f4xx_dma.o(i.DMA_DeInit)
    i.DMA_GetCmdStatus                       0x08001710   Section        0  stm32f4xx_dma.o(i.DMA_GetCmdStatus)
    i.DMA_GetCurrDataCounter                 0x08001724   Section        0  stm32f4xx_dma.o(i.DMA_GetCurrDataCounter)
    i.DMA_GetITStatus                        0x0800172c   Section        0  stm32f4xx_dma.o(i.DMA_GetITStatus)
    i.DMA_ITConfig                           0x08001790   Section        0  stm32f4xx_dma.o(i.DMA_ITConfig)
    i.DMA_Init                               0x080017cc   Section        0  stm32f4xx_dma.o(i.DMA_Init)
    i.DMA_SetCurrDataCounter                 0x08001824   Section        0  stm32f4xx_dma.o(i.DMA_SetCurrDataCounter)
    i.EXTI4_IRQHandler                       0x08001828   Section        0  hallsensor.o(i.EXTI4_IRQHandler)
    i.EXTI9_5_IRQHandler                     0x08001854   Section        0  hallsensor.o(i.EXTI9_5_IRQHandler)
    i.EXTI_ClearITPendingBit                 0x080018ac   Section        0  stm32f4xx_exti.o(i.EXTI_ClearITPendingBit)
    i.EXTI_GetITStatus                       0x080018b8   Section        0  stm32f4xx_exti.o(i.EXTI_GetITStatus)
    i.EXTI_Init                              0x080018d0   Section        0  stm32f4xx_exti.o(i.EXTI_Init)
    i.GPIO_Configure                         0x08001964   Section        0  main.o(i.GPIO_Configure)
    i.GPIO_Init                              0x0800199c   Section        0  stm32f4xx_gpio.o(i.GPIO_Init)
    i.GPIO_PinAFConfig                       0x08001a2c   Section        0  stm32f4xx_gpio.o(i.GPIO_PinAFConfig)
    i.GPIO_ReadInputDataBit                  0x08001a72   Section        0  stm32f4xx_gpio.o(i.GPIO_ReadInputDataBit)
    i.GPIO_ResetBits                         0x08001a84   Section        0  stm32f4xx_gpio.o(i.GPIO_ResetBits)
    i.Hall_init                              0x08001a88   Section        0  hallsensor.o(i.Hall_init)
    i.LPF_init                               0x08001b70   Section        0  lowpass_filter.o(i.LPF_init)
    i.LPFoperator                            0x08001bd8   Section        0  lowpass_filter.o(i.LPFoperator)
    i.LowsideCurrentSense                    0x08001c74   Section        0  lowsidecurrentsense.o(i.LowsideCurrentSense)
    i.LowsideCurrentSense_Init               0x08001cc8   Section        0  lowsidecurrentsense.o(i.LowsideCurrentSense_Init)
    i.Motor_init                             0x08001cf4   Section        0  bldcmotor.o(i.Motor_init)
    i.Motor_initFOC                          0x08001d94   Section        0  bldcmotor.o(i.Motor_initFOC)
    i.NVIC_Init                              0x08001e20   Section        0  misc.o(i.NVIC_Init)
    i.PID_init                               0x08001e98   Section        0  pid.o(i.PID_init)
    i.PIDoperator                            0x08001fbc   Section        0  pid.o(i.PIDoperator)
    i.RCC_AHB1PeriphClockCmd                 0x0800213c   Section        0  stm32f4xx_rcc.o(i.RCC_AHB1PeriphClockCmd)
    i.RCC_APB1PeriphClockCmd                 0x0800215c   Section        0  stm32f4xx_rcc.o(i.RCC_APB1PeriphClockCmd)
    i.RCC_APB1PeriphResetCmd                 0x0800217c   Section        0  stm32f4xx_rcc.o(i.RCC_APB1PeriphResetCmd)
    i.RCC_APB2PeriphClockCmd                 0x0800219c   Section        0  stm32f4xx_rcc.o(i.RCC_APB2PeriphClockCmd)
    i.RCC_APB2PeriphResetCmd                 0x080021bc   Section        0  stm32f4xx_rcc.o(i.RCC_APB2PeriphResetCmd)
    i.RCC_GetClocksFreq                      0x080021dc   Section        0  stm32f4xx_rcc.o(i.RCC_GetClocksFreq)
    i.SYSCFG_EXTILineConfig                  0x080022c4   Section        0  stm32f4xx_syscfg.o(i.SYSCFG_EXTILineConfig)
    i.SetSysClock                            0x08002304   Section        0  system_stm32f4xx.o(i.SetSysClock)
    SetSysClock                              0x08002305   Thumb Code   220  system_stm32f4xx.o(i.SetSysClock)
    i.SysTick_Handler                        0x080023f0   Section        0  delay.o(i.SysTick_Handler)
    i.SystemInit                             0x08002400   Section        0  system_stm32f4xx.o(i.SystemInit)
    i.TIM1_PWM_Init                          0x08002468   Section        0  timer.o(i.TIM1_PWM_Init)
    i.TIM_ARRPreloadConfig                   0x080025e4   Section        0  stm32f4xx_tim.o(i.TIM_ARRPreloadConfig)
    i.TIM_BDTRConfig                         0x080025fc   Section        0  stm32f4xx_tim.o(i.TIM_BDTRConfig)
    i.TIM_Cmd                                0x0800261c   Section        0  stm32f4xx_tim.o(i.TIM_Cmd)
    i.TIM_CtrlPWMOutputs                     0x08002634   Section        0  stm32f4xx_tim.o(i.TIM_CtrlPWMOutputs)
    i.TIM_DeInit                             0x08002654   Section        0  stm32f4xx_tim.o(i.TIM_DeInit)
    i.TIM_OC1Init                            0x080027e4   Section        0  stm32f4xx_tim.o(i.TIM_OC1Init)
    i.TIM_OC1PreloadConfig                   0x08002860   Section        0  stm32f4xx_tim.o(i.TIM_OC1PreloadConfig)
    i.TIM_OC2Init                            0x08002874   Section        0  stm32f4xx_tim.o(i.TIM_OC2Init)
    i.TIM_OC2PreloadConfig                   0x08002918   Section        0  stm32f4xx_tim.o(i.TIM_OC2PreloadConfig)
    i.TIM_OC3Init                            0x08002934   Section        0  stm32f4xx_tim.o(i.TIM_OC3Init)
    i.TIM_OC3PreloadConfig                   0x080029d4   Section        0  stm32f4xx_tim.o(i.TIM_OC3PreloadConfig)
    i.TIM_SelectOutputTrigger                0x080029e6   Section        0  stm32f4xx_tim.o(i.TIM_SelectOutputTrigger)
    i.TIM_SetCompare1                        0x080029f8   Section        0  stm32f4xx_tim.o(i.TIM_SetCompare1)
    i.TIM_SetCompare2                        0x080029fc   Section        0  stm32f4xx_tim.o(i.TIM_SetCompare2)
    i.TIM_SetCompare3                        0x08002a00   Section        0  stm32f4xx_tim.o(i.TIM_SetCompare3)
    i.TIM_TimeBaseInit                       0x08002a04   Section        0  stm32f4xx_tim.o(i.TIM_TimeBaseInit)
    i.USART2_IRQHandler                      0x08002a88   Section        0  usart2.o(i.USART2_IRQHandler)
    i.USART2_Init                            0x08002af4   Section        0  usart2.o(i.USART2_Init)
    i.USART2_SendDMA                         0x08002c90   Section        0  usart2.o(i.USART2_SendDMA)
    i.USART_Cmd                              0x08002cc0   Section        0  stm32f4xx_usart.o(i.USART_Cmd)
    i.USART_DMACmd                           0x08002cd8   Section        0  stm32f4xx_usart.o(i.USART_DMACmd)
    i.USART_DeInit                           0x08002cec   Section        0  stm32f4xx_usart.o(i.USART_DeInit)
    i.USART_GetITStatus                      0x08002ddc   Section        0  stm32f4xx_usart.o(i.USART_GetITStatus)
    i.USART_ITConfig                         0x08002e30   Section        0  stm32f4xx_usart.o(i.USART_ITConfig)
    i.USART_Init                             0x08002e7c   Section        0  stm32f4xx_usart.o(i.USART_Init)
    i.__0printf                              0x08002f50   Section        0  printfa.o(i.__0printf)
    i.__0sprintf                             0x08002f70   Section        0  printfa.o(i.__0sprintf)
    i.__ARM_fpclassify                       0x08002f98   Section        0  fpclassify.o(i.__ARM_fpclassify)
    i.__hardfp_atan                          0x08002fc8   Section        0  atan.o(i.__hardfp_atan)
    i.__hardfp_atan2                         0x080032a0   Section        0  atan2.o(i.__hardfp_atan2)
    i.__hardfp_atof                          0x08003490   Section        0  atof.o(i.__hardfp_atof)
    i.__hardfp_fabs                          0x080034c8   Section        0  fabs.o(i.__hardfp_fabs)
    i.__hardfp_fmod                          0x080034dc   Section        0  fmod.o(i.__hardfp_fmod)
    i.__kernel_poly                          0x080035e0   Section        0  poly.o(i.__kernel_poly)
    i.__mathlib_dbl_infnan                   0x080036d8   Section        0  dunder.o(i.__mathlib_dbl_infnan)
    i.__mathlib_dbl_infnan2                  0x080036ec   Section        0  dunder.o(i.__mathlib_dbl_infnan2)
    i.__mathlib_dbl_invalid                  0x08003700   Section        0  dunder.o(i.__mathlib_dbl_invalid)
    i.__mathlib_dbl_underflow                0x08003720   Section        0  dunder.o(i.__mathlib_dbl_underflow)
    i.__read_errno                           0x08003740   Section        0  errno.o(i.__read_errno)
    i.__scatterload_copy                     0x0800374c   Section       14  handlers.o(i.__scatterload_copy)
    i.__scatterload_null                     0x0800375a   Section        2  handlers.o(i.__scatterload_null)
    i.__scatterload_zeroinit                 0x0800375c   Section       14  handlers.o(i.__scatterload_zeroinit)
    i.__set_errno                            0x0800376c   Section        0  errno.o(i.__set_errno)
    i._cos                                   0x08003778   Section        0  foc_utils.o(i._cos)
    i._electricalAngle                       0x080037c4   Section        0  foc_utils.o(i._electricalAngle)
    i._fp_digits                             0x080037d8   Section        0  printfa.o(i._fp_digits)
    _fp_digits                               0x080037d9   Thumb Code   366  printfa.o(i._fp_digits)
    i._is_digit                              0x0800395c   Section        0  scanf_fp.o(i._is_digit)
    i._micros                                0x0800396c   Section        0  delay.o(i._micros)
    i._normalizeAngle                        0x080039a0   Section        0  foc_utils.o(i._normalizeAngle)
    i._printf_core                           0x08003a04   Section        0  printfa.o(i._printf_core)
    _printf_core                             0x08003a05   Thumb Code  1744  printfa.o(i._printf_core)
    i._printf_post_padding                   0x080040e0   Section        0  printfa.o(i._printf_post_padding)
    _printf_post_padding                     0x080040e1   Thumb Code    36  printfa.o(i._printf_post_padding)
    i._printf_pre_padding                    0x08004104   Section        0  printfa.o(i._printf_pre_padding)
    _printf_pre_padding                      0x08004105   Thumb Code    46  printfa.o(i._printf_pre_padding)
    i._sin                                   0x08004134   Section        0  foc_utils.o(i._sin)
    i._sputc                                 0x080042fc   Section        0  printfa.o(i._sputc)
    _sputc                                   0x080042fd   Thumb Code    10  printfa.o(i._sputc)
    i._sqrtApprox                            0x08004308   Section        0  foc_utils.o(i._sqrtApprox)
    i.absoluteZeroSearch                     0x08004328   Section        0  bldcmotor.o(i.absoluteZeroSearch)
    i.alignSensor                            0x0800447c   Section        0  bldcmotor.o(i.alignSensor)
    i.angleOpenloop                          0x08004894   Section        0  bldcmotor.o(i.angleOpenloop)
    i.atan                                   0x080049fc   Section        0  atan.o(i.atan)
    i.commander_run                          0x08004a0c   Section        0  main.o(i.commander_run)
    i.delay_ms                               0x08004bd4   Section        0  delay.o(i.delay_ms)
    i.electricalAngle                        0x08004c04   Section        0  focmotor.o(i.electricalAngle)
    i.fabs                                   0x08004c44   Section        0  fabs.o(i.fabs)
    i.fputc                                  0x08004c5c   Section        0  usart2.o(i.fputc)
    i.getAngle                               0x08004c78   Section        0  hallsensor.o(i.getAngle)
    i.getDCCurrent                           0x08004cbc   Section        0  currentsense.o(i.getDCCurrent)
    i.getFOCCurrents                         0x08004e4c   Section        0  currentsense.o(i.getFOCCurrents)
    i.getPhaseCurrents                       0x08004fb8   Section        0  lowsidecurrentsense.o(i.getPhaseCurrents)
    i.getVelocity                            0x0800508c   Section        0  hallsensor.o(i.getVelocity)
    i.get_vbus_voltage                       0x08005138   Section        0  adc.o(i.get_vbus_voltage)
    i.loopFOC                                0x08005174   Section        0  bldcmotor.o(i.loopFOC)
    i.main                                   0x080052f0   Section        0  main.o(i.main)
    i.move                                   0x080054d4   Section        0  bldcmotor.o(i.move)
    i.setPhaseVoltage                        0x08005620   Section        0  bldcmotor.o(i.setPhaseVoltage)
    i.shaftAngle                             0x080058b8   Section        0  focmotor.o(i.shaftAngle)
    i.shaftVelocity                          0x080058e0   Section        0  focmotor.o(i.shaftVelocity)
    i.systick_CountInit                      0x08005910   Section        0  delay.o(i.systick_CountInit)
    i.timecount                              0x08005928   Section        0  main.o(i.timecount)
    i.updateState                            0x08005958   Section        0  hallsensor.o(i.updateState)
    i.velocityOpenloop                       0x08005a4c   Section        0  bldcmotor.o(i.velocityOpenloop)
    .constdata                               0x08005b0c   Section      800  foc_utils.o(.constdata)
    .constdata                               0x08005e2c   Section        8  hallsensor.o(.constdata)
    .constdata                               0x08005e38   Section      152  atan.o(.constdata)
    atanhi                                   0x08005e38   Data          32  atan.o(.constdata)
    atanlo                                   0x08005e58   Data          32  atan.o(.constdata)
    aTodd                                    0x08005e78   Data          40  atan.o(.constdata)
    aTeven                                   0x08005ea0   Data          48  atan.o(.constdata)
    .constdata                               0x08005ed0   Section        8  qnan.o(.constdata)
    .constdata                               0x08005ed8   Section       64  ctype_c.o(.constdata)
    .data                                    0x20000000   Section       12  main.o(.data)
    .data                                    0x2000000c   Section       16  stm32f4xx_rcc.o(.data)
    APBAHBPrescTable                         0x2000000c   Data          16  stm32f4xx_rcc.o(.data)
    .data                                    0x2000001c   Section        4  delay.o(.data)
    .data                                    0x20000020   Section       12  usart2.o(.data)
    .data                                    0x2000002c   Section       12  adc.o(.data)
    .data                                    0x20000038   Section       44  bldcmotor.o(.data)
    .data                                    0x20000064   Section       52  focmotor.o(.data)
    .data                                    0x20000098   Section       36  lowsidecurrentsense.o(.data)
    .data                                    0x200000bc   Section       24  hallsensor.o(.data)
    .data                                    0x200000d4   Section        4  errno.o(.data)
    _errno                                   0x200000d4   Data           4  errno.o(.data)
    .bss                                     0x200000d8   Section      512  usart2.o(.bss)
    .bss                                     0x200002d8   Section       64  adc.o(.bss)
    .bss                                     0x20000318   Section       36  lowpass_filter.o(.bss)
    .bss                                     0x2000033c   Section      144  pid.o(.bss)
    STACK                                    0x200003d0   Section     1024  startup_stm32f40_41xxx.o(STACK)

    Global Symbols

    Symbol Name                              Value     Ov Type        Size  Object(Section)

    BuildAttributes$$THM_ISAv4$E$P$D$K$B$S$7EM$VFPi3$EXTD16$VFPS$VFMA$PE$A:L22UL41UL21$X:L11$S22US41US21$IEEE1$IW$USESV6$~STKCKD$USESV7$~SHL$OTIME$ROPI$IEEEX$EBA8$MICROLIB$REQ8$PRES8$EABIv2 0x00000000   Number         0  anon$$obj.o ABSOLUTE
    __ARM_use_no_argv                        0x00000000   Number         0  main.o ABSOLUTE
    __use_no_errno                           0x00000000   Number         0  useno.o ABSOLUTE
    __use_no_exception_handling              0x00000000   Number         0  useno.o ABSOLUTE
    __use_no_fp                              0x00000000   Number         0  useno.o ABSOLUTE
    __use_no_heap                            0x00000000   Number         0  useno.o ABSOLUTE
    __use_no_heap_region                     0x00000000   Number         0  useno.o ABSOLUTE
    __use_no_semihosting                     0x00000000   Number         0  useno.o ABSOLUTE
    __use_no_semihosting_swi                 0x00000000   Number         0  useno.o ABSOLUTE
    __use_no_signal_handling                 0x00000000   Number         0  useno.o ABSOLUTE
    _printf_a                                0x00000000   Number         0  stubs.o ABSOLUTE
    _printf_c                                0x00000000   Number         0  stubs.o ABSOLUTE
    _printf_charcount                        0x00000000   Number         0  stubs.o ABSOLUTE
    _printf_d                                0x00000000   Number         0  stubs.o ABSOLUTE
    _printf_e                                0x00000000   Number         0  stubs.o ABSOLUTE
    _printf_f                                0x00000000   Number         0  stubs.o ABSOLUTE
    _printf_flags                            0x00000000   Number         0  stubs.o ABSOLUTE
    _printf_fp_dec                           0x00000000   Number         0  stubs.o ABSOLUTE
    _printf_fp_hex                           0x00000000   Number         0  stubs.o ABSOLUTE
    _printf_g                                0x00000000   Number         0  stubs.o ABSOLUTE
    _printf_i                                0x00000000   Number         0  stubs.o ABSOLUTE
    _printf_int_dec                          0x00000000   Number         0  stubs.o ABSOLUTE
    _printf_l                                0x00000000   Number         0  stubs.o ABSOLUTE
    _printf_lc                               0x00000000   Number         0  stubs.o ABSOLUTE
    _printf_ll                               0x00000000   Number         0  stubs.o ABSOLUTE
    _printf_lld                              0x00000000   Number         0  stubs.o ABSOLUTE
    _printf_lli                              0x00000000   Number         0  stubs.o ABSOLUTE
    _printf_llo                              0x00000000   Number         0  stubs.o ABSOLUTE
    _printf_llu                              0x00000000   Number         0  stubs.o ABSOLUTE
    _printf_llx                              0x00000000   Number         0  stubs.o ABSOLUTE
    _printf_longlong_dec                     0x00000000   Number         0  stubs.o ABSOLUTE
    _printf_longlong_hex                     0x00000000   Number         0  stubs.o ABSOLUTE
    _printf_longlong_oct                     0x00000000   Number         0  stubs.o ABSOLUTE
    _printf_ls                               0x00000000   Number         0  stubs.o ABSOLUTE
    _printf_mbtowc                           0x00000000   Number         0  stubs.o ABSOLUTE
    _printf_n                                0x00000000   Number         0  stubs.o ABSOLUTE
    _printf_o                                0x00000000   Number         0  stubs.o ABSOLUTE
    _printf_p                                0x00000000   Number         0  stubs.o ABSOLUTE
    _printf_percent                          0x00000000   Number         0  stubs.o ABSOLUTE
    _printf_pre_padding                      0x00000000   Number         0  stubs.o ABSOLUTE
    _printf_return_value                     0x00000000   Number         0  stubs.o ABSOLUTE
    _printf_s                                0x00000000   Number         0  stubs.o ABSOLUTE
    _printf_sizespec                         0x00000000   Number         0  stubs.o ABSOLUTE
    _printf_str                              0x00000000   Number         0  stubs.o ABSOLUTE
    _printf_truncate_signed                  0x00000000   Number         0  stubs.o ABSOLUTE
    _printf_truncate_unsigned                0x00000000   Number         0  stubs.o ABSOLUTE
    _printf_u                                0x00000000   Number         0  stubs.o ABSOLUTE
    _printf_wc                               0x00000000   Number         0  stubs.o ABSOLUTE
    _printf_wctomb                           0x00000000   Number         0  stubs.o ABSOLUTE
    _printf_widthprec                        0x00000000   Number         0  stubs.o ABSOLUTE
    _printf_x                                0x00000000   Number         0  stubs.o ABSOLUTE
    __cpp_initialize__aeabi_                  - Undefined Weak Reference
    __cxa_finalize                            - Undefined Weak Reference
    __decompress                              - Undefined Weak Reference
    _clock_init                               - Undefined Weak Reference
    _microlib_exit                            - Undefined Weak Reference
    __Vectors_Size                           0x00000188   Number         0  startup_stm32f40_41xxx.o ABSOLUTE
    __Vectors                                0x08000000   Data           4  startup_stm32f40_41xxx.o(RESET)
    __Vectors_End                            0x08000188   Data           0  startup_stm32f40_41xxx.o(RESET)
    __main                                   0x08000189   Thumb Code     0  entry.o(.ARM.Collect$$$$00000000)
    _main_stk                                0x08000189   Thumb Code     0  entry2.o(.ARM.Collect$$$$00000001)
    _main_scatterload                        0x0800018d   Thumb Code     0  entry5.o(.ARM.Collect$$$$00000004)
    __main_after_scatterload                 0x08000191   Thumb Code     0  entry5.o(.ARM.Collect$$$$00000004)
    _main_clock                              0x08000191   Thumb Code     0  entry7b.o(.ARM.Collect$$$$00000008)
    _main_cpp_init                           0x08000191   Thumb Code     0  entry8b.o(.ARM.Collect$$$$0000000A)
    _main_init                               0x08000191   Thumb Code     0  entry9a.o(.ARM.Collect$$$$0000000B)
    __rt_final_cpp                           0x08000199   Thumb Code     0  entry10a.o(.ARM.Collect$$$$0000000D)
    __rt_final_exit                          0x08000199   Thumb Code     0  entry11a.o(.ARM.Collect$$$$0000000F)
    Reset_Handler                            0x0800019d   Thumb Code     8  startup_stm32f40_41xxx.o(.text)
    NMI_Handler                              0x080001a5   Thumb Code     2  startup_stm32f40_41xxx.o(.text)
    HardFault_Handler                        0x080001a7   Thumb Code     2  startup_stm32f40_41xxx.o(.text)
    MemManage_Handler                        0x080001a9   Thumb Code     2  startup_stm32f40_41xxx.o(.text)
    BusFault_Handler                         0x080001ab   Thumb Code     2  startup_stm32f40_41xxx.o(.text)
    UsageFault_Handler                       0x080001ad   Thumb Code     2  startup_stm32f40_41xxx.o(.text)
    SVC_Handler                              0x080001af   Thumb Code     2  startup_stm32f40_41xxx.o(.text)
    DebugMon_Handler                         0x080001b1   Thumb Code     2  startup_stm32f40_41xxx.o(.text)
    PendSV_Handler                           0x080001b3   Thumb Code     2  startup_stm32f40_41xxx.o(.text)
    CAN1_RX0_IRQHandler                      0x080001b7   Thumb Code     0  startup_stm32f40_41xxx.o(.text)
    CAN1_RX1_IRQHandler                      0x080001b7   Thumb Code     0  startup_stm32f40_41xxx.o(.text)
    CAN1_SCE_IRQHandler                      0x080001b7   Thumb Code     0  startup_stm32f40_41xxx.o(.text)
    CAN1_TX_IRQHandler                       0x080001b7   Thumb Code     0  startup_stm32f40_41xxx.o(.text)
    CAN2_RX0_IRQHandler                      0x080001b7   Thumb Code     0  startup_stm32f40_41xxx.o(.text)
    CAN2_RX1_IRQHandler                      0x080001b7   Thumb Code     0  startup_stm32f40_41xxx.o(.text)
    CAN2_SCE_IRQHandler                      0x080001b7   Thumb Code     0  startup_stm32f40_41xxx.o(.text)
    CAN2_TX_IRQHandler                       0x080001b7   Thumb Code     0  startup_stm32f40_41xxx.o(.text)
    CRYP_IRQHandler                          0x080001b7   Thumb Code     0  startup_stm32f40_41xxx.o(.text)
    DCMI_IRQHandler                          0x080001b7   Thumb Code     0  startup_stm32f40_41xxx.o(.text)
    DMA1_Stream0_IRQHandler                  0x080001b7   Thumb Code     0  startup_stm32f40_41xxx.o(.text)
    DMA1_Stream1_IRQHandler                  0x080001b7   Thumb Code     0  startup_stm32f40_41xxx.o(.text)
    DMA1_Stream2_IRQHandler                  0x080001b7   Thumb Code     0  startup_stm32f40_41xxx.o(.text)
    DMA1_Stream3_IRQHandler                  0x080001b7   Thumb Code     0  startup_stm32f40_41xxx.o(.text)
    DMA1_Stream4_IRQHandler                  0x080001b7   Thumb Code     0  startup_stm32f40_41xxx.o(.text)
    DMA1_Stream5_IRQHandler                  0x080001b7   Thumb Code     0  startup_stm32f40_41xxx.o(.text)
    DMA1_Stream7_IRQHandler                  0x080001b7   Thumb Code     0  startup_stm32f40_41xxx.o(.text)
    DMA2_Stream1_IRQHandler                  0x080001b7   Thumb Code     0  startup_stm32f40_41xxx.o(.text)
    DMA2_Stream2_IRQHandler                  0x080001b7   Thumb Code     0  startup_stm32f40_41xxx.o(.text)
    DMA2_Stream3_IRQHandler                  0x080001b7   Thumb Code     0  startup_stm32f40_41xxx.o(.text)
    DMA2_Stream4_IRQHandler                  0x080001b7   Thumb Code     0  startup_stm32f40_41xxx.o(.text)
    DMA2_Stream5_IRQHandler                  0x080001b7   Thumb Code     0  startup_stm32f40_41xxx.o(.text)
    DMA2_Stream6_IRQHandler                  0x080001b7   Thumb Code     0  startup_stm32f40_41xxx.o(.text)
    DMA2_Stream7_IRQHandler                  0x080001b7   Thumb Code     0  startup_stm32f40_41xxx.o(.text)
    ETH_IRQHandler                           0x080001b7   Thumb Code     0  startup_stm32f40_41xxx.o(.text)
    ETH_WKUP_IRQHandler                      0x080001b7   Thumb Code     0  startup_stm32f40_41xxx.o(.text)
    EXTI0_IRQHandler                         0x080001b7   Thumb Code     0  startup_stm32f40_41xxx.o(.text)
    EXTI15_10_IRQHandler                     0x080001b7   Thumb Code     0  startup_stm32f40_41xxx.o(.text)
    EXTI1_IRQHandler                         0x080001b7   Thumb Code     0  startup_stm32f40_41xxx.o(.text)
    EXTI2_IRQHandler                         0x080001b7   Thumb Code     0  startup_stm32f40_41xxx.o(.text)
    EXTI3_IRQHandler                         0x080001b7   Thumb Code     0  startup_stm32f40_41xxx.o(.text)
    FLASH_IRQHandler                         0x080001b7   Thumb Code     0  startup_stm32f40_41xxx.o(.text)
    FPU_IRQHandler                           0x080001b7   Thumb Code     0  startup_stm32f40_41xxx.o(.text)
    FSMC_IRQHandler                          0x080001b7   Thumb Code     0  startup_stm32f40_41xxx.o(.text)
    HASH_RNG_IRQHandler                      0x080001b7   Thumb Code     0  startup_stm32f40_41xxx.o(.text)
    I2C1_ER_IRQHandler                       0x080001b7   Thumb Code     0  startup_stm32f40_41xxx.o(.text)
    I2C1_EV_IRQHandler                       0x080001b7   Thumb Code     0  startup_stm32f40_41xxx.o(.text)
    I2C2_ER_IRQHandler                       0x080001b7   Thumb Code     0  startup_stm32f40_41xxx.o(.text)
    I2C2_EV_IRQHandler                       0x080001b7   Thumb Code     0  startup_stm32f40_41xxx.o(.text)
    I2C3_ER_IRQHandler                       0x080001b7   Thumb Code     0  startup_stm32f40_41xxx.o(.text)
    I2C3_EV_IRQHandler                       0x080001b7   Thumb Code     0  startup_stm32f40_41xxx.o(.text)
    OTG_FS_IRQHandler                        0x080001b7   Thumb Code     0  startup_stm32f40_41xxx.o(.text)
    OTG_FS_WKUP_IRQHandler                   0x080001b7   Thumb Code     0  startup_stm32f40_41xxx.o(.text)
    OTG_HS_EP1_IN_IRQHandler                 0x080001b7   Thumb Code     0  startup_stm32f40_41xxx.o(.text)
    OTG_HS_EP1_OUT_IRQHandler                0x080001b7   Thumb Code     0  startup_stm32f40_41xxx.o(.text)
    OTG_HS_IRQHandler                        0x080001b7   Thumb Code     0  startup_stm32f40_41xxx.o(.text)
    OTG_HS_WKUP_IRQHandler                   0x080001b7   Thumb Code     0  startup_stm32f40_41xxx.o(.text)
    PVD_IRQHandler                           0x080001b7   Thumb Code     0  startup_stm32f40_41xxx.o(.text)
    RCC_IRQHandler                           0x080001b7   Thumb Code     0  startup_stm32f40_41xxx.o(.text)
    RTC_Alarm_IRQHandler                     0x080001b7   Thumb Code     0  startup_stm32f40_41xxx.o(.text)
    RTC_WKUP_IRQHandler                      0x080001b7   Thumb Code     0  startup_stm32f40_41xxx.o(.text)
    SDIO_IRQHandler                          0x080001b7   Thumb Code     0  startup_stm32f40_41xxx.o(.text)
    SPI1_IRQHandler                          0x080001b7   Thumb Code     0  startup_stm32f40_41xxx.o(.text)
    SPI2_IRQHandler                          0x080001b7   Thumb Code     0  startup_stm32f40_41xxx.o(.text)
    SPI3_IRQHandler                          0x080001b7   Thumb Code     0  startup_stm32f40_41xxx.o(.text)
    TAMP_STAMP_IRQHandler                    0x080001b7   Thumb Code     0  startup_stm32f40_41xxx.o(.text)
    TIM1_BRK_TIM9_IRQHandler                 0x080001b7   Thumb Code     0  startup_stm32f40_41xxx.o(.text)
    TIM1_CC_IRQHandler                       0x080001b7   Thumb Code     0  startup_stm32f40_41xxx.o(.text)
    TIM1_TRG_COM_TIM11_IRQHandler            0x080001b7   Thumb Code     0  startup_stm32f40_41xxx.o(.text)
    TIM1_UP_TIM10_IRQHandler                 0x080001b7   Thumb Code     0  startup_stm32f40_41xxx.o(.text)
    TIM2_IRQHandler                          0x080001b7   Thumb Code     0  startup_stm32f40_41xxx.o(.text)
    TIM3_IRQHandler                          0x080001b7   Thumb Code     0  startup_stm32f40_41xxx.o(.text)
    TIM4_IRQHandler                          0x080001b7   Thumb Code     0  startup_stm32f40_41xxx.o(.text)
    TIM5_IRQHandler                          0x080001b7   Thumb Code     0  startup_stm32f40_41xxx.o(.text)
    TIM6_DAC_IRQHandler                      0x080001b7   Thumb Code     0  startup_stm32f40_41xxx.o(.text)
    TIM7_IRQHandler                          0x080001b7   Thumb Code     0  startup_stm32f40_41xxx.o(.text)
    TIM8_BRK_TIM12_IRQHandler                0x080001b7   Thumb Code     0  startup_stm32f40_41xxx.o(.text)
    TIM8_CC_IRQHandler                       0x080001b7   Thumb Code     0  startup_stm32f40_41xxx.o(.text)
    TIM8_TRG_COM_TIM14_IRQHandler            0x080001b7   Thumb Code     0  startup_stm32f40_41xxx.o(.text)
    TIM8_UP_TIM13_IRQHandler                 0x080001b7   Thumb Code     0  startup_stm32f40_41xxx.o(.text)
    UART4_IRQHandler                         0x080001b7   Thumb Code     0  startup_stm32f40_41xxx.o(.text)
    UART5_IRQHandler                         0x080001b7   Thumb Code     0  startup_stm32f40_41xxx.o(.text)
    USART1_IRQHandler                        0x080001b7   Thumb Code     0  startup_stm32f40_41xxx.o(.text)
    USART3_IRQHandler                        0x080001b7   Thumb Code     0  startup_stm32f40_41xxx.o(.text)
    USART6_IRQHandler                        0x080001b7   Thumb Code     0  startup_stm32f40_41xxx.o(.text)
    WWDG_IRQHandler                          0x080001b7   Thumb Code     0  startup_stm32f40_41xxx.o(.text)
    __aeabi_memset                           0x080001c1   Thumb Code    14  memseta.o(.text)
    __aeabi_memset4                          0x080001c1   Thumb Code     0  memseta.o(.text)
    __aeabi_memset8                          0x080001c1   Thumb Code     0  memseta.o(.text)
    __aeabi_memclr                           0x080001cf   Thumb Code     4  memseta.o(.text)
    __aeabi_memclr4                          0x080001cf   Thumb Code     0  memseta.o(.text)
    __aeabi_memclr8                          0x080001cf   Thumb Code     0  memseta.o(.text)
    _memset$wrapper                          0x080001d3   Thumb Code    18  memseta.o(.text)
    __aeabi_dadd                             0x080001e5   Thumb Code   322  dadd.o(.text)
    __aeabi_dsub                             0x08000327   Thumb Code     6  dadd.o(.text)
    __aeabi_drsub                            0x0800032d   Thumb Code     6  dadd.o(.text)
    __aeabi_dmul                             0x08000333   Thumb Code   228  dmul.o(.text)
    __aeabi_i2d                              0x08000417   Thumb Code    34  dflti.o(.text)
    __aeabi_f2d                              0x08000439   Thumb Code    38  f2d.o(.text)
    __aeabi_cdrcmple                         0x08000461   Thumb Code    48  cdrcmple.o(.text)
    __aeabi_d2f                              0x08000491   Thumb Code    56  d2f.o(.text)
    __aeabi_uidiv                            0x080004c9   Thumb Code     0  uidiv.o(.text)
    __aeabi_uidivmod                         0x080004c9   Thumb Code    44  uidiv.o(.text)
    __aeabi_uldivmod                         0x080004f5   Thumb Code    98  uldiv.o(.text)
    __aeabi_llsl                             0x08000557   Thumb Code    30  llshl.o(.text)
    _ll_shift_l                              0x08000557   Thumb Code     0  llshl.o(.text)
    __aeabi_lasr                             0x08000575   Thumb Code    36  llsshr.o(.text)
    _ll_sshift_r                             0x08000575   Thumb Code     0  llsshr.o(.text)
    __strtod_int                             0x080005cf   Thumb Code    90  strtod.o(.text)
    __I$use$fp                               0x08000635   Thumb Code     0  iusefp.o(.text)
    _float_round                             0x08000635   Thumb Code    18  fepilogue.o(.text)
    _float_epilogue                          0x08000647   Thumb Code    92  fepilogue.o(.text)
    _double_round                            0x080006a3   Thumb Code    30  depilogue.o(.text)
    _double_epilogue                         0x080006c1   Thumb Code   156  depilogue.o(.text)
    __aeabi_ddiv                             0x0800075d   Thumb Code   222  ddiv.o(.text)
    _drem                                    0x0800083b   Thumb Code   134  drem.o(.text)
    __aeabi_d2ulz                            0x080008c1   Thumb Code    48  dfixul.o(.text)
    __scatterload                            0x080008f1   Thumb Code    28  init.o(.text)
    __scatterload_rt2                        0x080008f1   Thumb Code     0  init.o(.text)
    __aeabi_llsr                             0x08000915   Thumb Code    32  llushr.o(.text)
    _ll_ushift_r                             0x08000915   Thumb Code     0  llushr.o(.text)
    isspace                                  0x08000935   Thumb Code    10  isspace_c.o(.text)
    _scanf_real                              0x08000a69   Thumb Code     0  scanf_fp.o(.text)
    _scanf_really_real                       0x08000a69   Thumb Code   556  scanf_fp.o(.text)
    _sgetc                                   0x08000ca1   Thumb Code    30  _sgetc.o(.text)
    _sbackspace                              0x08000cbf   Thumb Code    34  _sgetc.o(.text)
    __ctype_lookup                           0x08000ce1   Thumb Code    34  ctype_c.o(.text)
    __aeabi_ul2d                             0x08000d09   Thumb Code    24  dfltul.o(.text)
    ADC1_DMA_Init                            0x08000d21   Thumb Code   266  adc.o(i.ADC1_DMA_Init)
    ADC2_TRGO_Init                           0x08000e39   Thumb Code   172  adc.o(i.ADC2_TRGO_Init)
    ADC3_TRGO_Init                           0x08000ee9   Thumb Code   172  adc.o(i.ADC3_TRGO_Init)
    ADC_AutoInjectedConvCmd                  0x08000f99   Thumb Code    22  stm32f4xx_adc.o(i.ADC_AutoInjectedConvCmd)
    ADC_Cmd                                  0x08000faf   Thumb Code    22  stm32f4xx_adc.o(i.ADC_Cmd)
    ADC_CommonInit                           0x08000fc5   Thumb Code    34  stm32f4xx_adc.o(i.ADC_CommonInit)
    ADC_Common_Init                          0x08000ff5   Thumb Code   100  adc.o(i.ADC_Common_Init)
    ADC_DMACmd                               0x08001061   Thumb Code    22  stm32f4xx_adc.o(i.ADC_DMACmd)
    ADC_DMARequestAfterLastTransferCmd       0x08001077   Thumb Code    22  stm32f4xx_adc.o(i.ADC_DMARequestAfterLastTransferCmd)
    ADC_EOCOnEachRegularChannelCmd           0x0800108d   Thumb Code    22  stm32f4xx_adc.o(i.ADC_EOCOnEachRegularChannelCmd)
    ADC_ExternalTrigInjectedConvConfig       0x080010a3   Thumb Code    16  stm32f4xx_adc.o(i.ADC_ExternalTrigInjectedConvConfig)
    ADC_ExternalTrigInjectedConvEdgeConfig   0x080010b3   Thumb Code    16  stm32f4xx_adc.o(i.ADC_ExternalTrigInjectedConvEdgeConfig)
    ADC_IRQHandler                           0x080010c5   Thumb Code   120  adc.o(i.ADC_IRQHandler)
    ADC_ITConfig                             0x0800115d   Thumb Code    32  stm32f4xx_adc.o(i.ADC_ITConfig)
    ADC_Init                                 0x0800117d   Thumb Code    74  stm32f4xx_adc.o(i.ADC_Init)
    ADC_InjectedChannelConfig                0x080011d1   Thumb Code   130  stm32f4xx_adc.o(i.ADC_InjectedChannelConfig)
    ADC_InjectedDiscModeCmd                  0x08001253   Thumb Code    22  stm32f4xx_adc.o(i.ADC_InjectedDiscModeCmd)
    ADC_InjectedSequencerLengthConfig        0x08001269   Thumb Code    24  stm32f4xx_adc.o(i.ADC_InjectedSequencerLengthConfig)
    ADC_RegularChannelConfig                 0x08001281   Thumb Code   184  stm32f4xx_adc.o(i.ADC_RegularChannelConfig)
    ADC_SetInjectedOffset                    0x08001339   Thumb Code    20  stm32f4xx_adc.o(i.ADC_SetInjectedOffset)
    ADC_SoftwareStartConv                    0x0800134d   Thumb Code    10  stm32f4xx_adc.o(i.ADC_SoftwareStartConv)
    Current_calibrateOffsets                 0x08001359   Thumb Code   298  lowsidecurrentsense.o(i.Current_calibrateOffsets)
    DMA1_Stream6_IRQHandler                  0x080014e5   Thumb Code    32  usart2.o(i.DMA1_Stream6_IRQHandler)
    DMA2_Stream0_IRQHandler                  0x0800150d   Thumb Code    30  adc.o(i.DMA2_Stream0_IRQHandler)
    DMA_ClearFlag                            0x08001539   Thumb Code    38  stm32f4xx_dma.o(i.DMA_ClearFlag)
    DMA_ClearITPendingBit                    0x0800156d   Thumb Code    38  stm32f4xx_dma.o(i.DMA_ClearITPendingBit)
    DMA_Cmd                                  0x080015a1   Thumb Code    22  stm32f4xx_dma.o(i.DMA_Cmd)
    DMA_DeInit                               0x080015b9   Thumb Code   324  stm32f4xx_dma.o(i.DMA_DeInit)
    DMA_GetCmdStatus                         0x08001711   Thumb Code    20  stm32f4xx_dma.o(i.DMA_GetCmdStatus)
    DMA_GetCurrDataCounter                   0x08001725   Thumb Code     8  stm32f4xx_dma.o(i.DMA_GetCurrDataCounter)
    DMA_GetITStatus                          0x0800172d   Thumb Code    82  stm32f4xx_dma.o(i.DMA_GetITStatus)
    DMA_ITConfig                             0x08001791   Thumb Code    58  stm32f4xx_dma.o(i.DMA_ITConfig)
    DMA_Init                                 0x080017cd   Thumb Code    82  stm32f4xx_dma.o(i.DMA_Init)
    DMA_SetCurrDataCounter                   0x08001825   Thumb Code     4  stm32f4xx_dma.o(i.DMA_SetCurrDataCounter)
    EXTI4_IRQHandler                         0x08001829   Thumb Code    36  hallsensor.o(i.EXTI4_IRQHandler)
    EXTI9_5_IRQHandler                       0x08001855   Thumb Code    72  hallsensor.o(i.EXTI9_5_IRQHandler)
    EXTI_ClearITPendingBit                   0x080018ad   Thumb Code     6  stm32f4xx_exti.o(i.EXTI_ClearITPendingBit)
    EXTI_GetITStatus                         0x080018b9   Thumb Code    20  stm32f4xx_exti.o(i.EXTI_GetITStatus)
    EXTI_Init                                0x080018d1   Thumb Code   142  stm32f4xx_exti.o(i.EXTI_Init)
    GPIO_Configure                           0x08001965   Thumb Code    52  main.o(i.GPIO_Configure)
    GPIO_Init                                0x0800199d   Thumb Code   144  stm32f4xx_gpio.o(i.GPIO_Init)
    GPIO_PinAFConfig                         0x08001a2d   Thumb Code    70  stm32f4xx_gpio.o(i.GPIO_PinAFConfig)
    GPIO_ReadInputDataBit                    0x08001a73   Thumb Code    18  stm32f4xx_gpio.o(i.GPIO_ReadInputDataBit)
    GPIO_ResetBits                           0x08001a85   Thumb Code     4  stm32f4xx_gpio.o(i.GPIO_ResetBits)
    Hall_init                                0x08001a89   Thumb Code   214  hallsensor.o(i.Hall_init)
    LPF_init                                 0x08001b71   Thumb Code    82  lowpass_filter.o(i.LPF_init)
    LPFoperator                              0x08001bd9   Thumb Code   142  lowpass_filter.o(i.LPFoperator)
    LowsideCurrentSense                      0x08001c75   Thumb Code    60  lowsidecurrentsense.o(i.LowsideCurrentSense)
    LowsideCurrentSense_Init                 0x08001cc9   Thumb Code    38  lowsidecurrentsense.o(i.LowsideCurrentSense_Init)
    Motor_init                               0x08001cf5   Thumb Code   110  bldcmotor.o(i.Motor_init)
    Motor_initFOC                            0x08001d95   Thumb Code   110  bldcmotor.o(i.Motor_initFOC)
    NVIC_Init                                0x08001e21   Thumb Code   106  misc.o(i.NVIC_Init)
    PID_init                                 0x08001e99   Thumb Code   268  pid.o(i.PID_init)
    PIDoperator                              0x08001fbd   Thumb Code   374  pid.o(i.PIDoperator)
    RCC_AHB1PeriphClockCmd                   0x0800213d   Thumb Code    26  stm32f4xx_rcc.o(i.RCC_AHB1PeriphClockCmd)
    RCC_APB1PeriphClockCmd                   0x0800215d   Thumb Code    26  stm32f4xx_rcc.o(i.RCC_APB1PeriphClockCmd)
    RCC_APB1PeriphResetCmd                   0x0800217d   Thumb Code    26  stm32f4xx_rcc.o(i.RCC_APB1PeriphResetCmd)
    RCC_APB2PeriphClockCmd                   0x0800219d   Thumb Code    26  stm32f4xx_rcc.o(i.RCC_APB2PeriphClockCmd)
    RCC_APB2PeriphResetCmd                   0x080021bd   Thumb Code    26  stm32f4xx_rcc.o(i.RCC_APB2PeriphResetCmd)
    RCC_GetClocksFreq                        0x080021dd   Thumb Code   214  stm32f4xx_rcc.o(i.RCC_GetClocksFreq)
    SYSCFG_EXTILineConfig                    0x080022c5   Thumb Code    60  stm32f4xx_syscfg.o(i.SYSCFG_EXTILineConfig)
    SysTick_Handler                          0x080023f1   Thumb Code    12  delay.o(i.SysTick_Handler)
    SystemInit                               0x08002401   Thumb Code    88  system_stm32f4xx.o(i.SystemInit)
    TIM1_PWM_Init                            0x08002469   Thumb Code   368  timer.o(i.TIM1_PWM_Init)
    TIM_ARRPreloadConfig                     0x080025e5   Thumb Code    24  stm32f4xx_tim.o(i.TIM_ARRPreloadConfig)
    TIM_BDTRConfig                           0x080025fd   Thumb Code    32  stm32f4xx_tim.o(i.TIM_BDTRConfig)
    TIM_Cmd                                  0x0800261d   Thumb Code    24  stm32f4xx_tim.o(i.TIM_Cmd)
    TIM_CtrlPWMOutputs                       0x08002635   Thumb Code    30  stm32f4xx_tim.o(i.TIM_CtrlPWMOutputs)
    TIM_DeInit                               0x08002655   Thumb Code   346  stm32f4xx_tim.o(i.TIM_DeInit)
    TIM_OC1Init                              0x080027e5   Thumb Code   114  stm32f4xx_tim.o(i.TIM_OC1Init)
    TIM_OC1PreloadConfig                     0x08002861   Thumb Code    18  stm32f4xx_tim.o(i.TIM_OC1PreloadConfig)
    TIM_OC2Init                              0x08002875   Thumb Code   154  stm32f4xx_tim.o(i.TIM_OC2Init)
    TIM_OC2PreloadConfig                     0x08002919   Thumb Code    26  stm32f4xx_tim.o(i.TIM_OC2PreloadConfig)
    TIM_OC3Init                              0x08002935   Thumb Code   150  stm32f4xx_tim.o(i.TIM_OC3Init)
    TIM_OC3PreloadConfig                     0x080029d5   Thumb Code    18  stm32f4xx_tim.o(i.TIM_OC3PreloadConfig)
    TIM_SelectOutputTrigger                  0x080029e7   Thumb Code    18  stm32f4xx_tim.o(i.TIM_SelectOutputTrigger)
    TIM_SetCompare1                          0x080029f9   Thumb Code     4  stm32f4xx_tim.o(i.TIM_SetCompare1)
    TIM_SetCompare2                          0x080029fd   Thumb Code     4  stm32f4xx_tim.o(i.TIM_SetCompare2)
    TIM_SetCompare3                          0x08002a01   Thumb Code     4  stm32f4xx_tim.o(i.TIM_SetCompare3)
    TIM_TimeBaseInit                         0x08002a05   Thumb Code   104  stm32f4xx_tim.o(i.TIM_TimeBaseInit)
    USART2_IRQHandler                        0x08002a89   Thumb Code    92  usart2.o(i.USART2_IRQHandler)
    USART2_Init                              0x08002af5   Thumb Code   388  usart2.o(i.USART2_Init)
    USART2_SendDMA                           0x08002c91   Thumb Code    40  usart2.o(i.USART2_SendDMA)
    USART_Cmd                                0x08002cc1   Thumb Code    24  stm32f4xx_usart.o(i.USART_Cmd)
    USART_DMACmd                             0x08002cd9   Thumb Code    18  stm32f4xx_usart.o(i.USART_DMACmd)
    USART_DeInit                             0x08002ced   Thumb Code   206  stm32f4xx_usart.o(i.USART_DeInit)
    USART_GetITStatus                        0x08002ddd   Thumb Code    84  stm32f4xx_usart.o(i.USART_GetITStatus)
    USART_ITConfig                           0x08002e31   Thumb Code    74  stm32f4xx_usart.o(i.USART_ITConfig)
    USART_Init                               0x08002e7d   Thumb Code   204  stm32f4xx_usart.o(i.USART_Init)
    __0printf                                0x08002f51   Thumb Code    22  printfa.o(i.__0printf)
    __1printf                                0x08002f51   Thumb Code     0  printfa.o(i.__0printf)
    __2printf                                0x08002f51   Thumb Code     0  printfa.o(i.__0printf)
    __c89printf                              0x08002f51   Thumb Code     0  printfa.o(i.__0printf)
    printf                                   0x08002f51   Thumb Code     0  printfa.o(i.__0printf)
    __0sprintf                               0x08002f71   Thumb Code    34  printfa.o(i.__0sprintf)
    __1sprintf                               0x08002f71   Thumb Code     0  printfa.o(i.__0sprintf)
    __2sprintf                               0x08002f71   Thumb Code     0  printfa.o(i.__0sprintf)
    __c89sprintf                             0x08002f71   Thumb Code     0  printfa.o(i.__0sprintf)
    sprintf                                  0x08002f71   Thumb Code     0  printfa.o(i.__0sprintf)
    __ARM_fpclassify                         0x08002f99   Thumb Code    48  fpclassify.o(i.__ARM_fpclassify)
    __hardfp_atan                            0x08002fc9   Thumb Code   622  atan.o(i.__hardfp_atan)
    __hardfp_atan2                           0x080032a1   Thumb Code   432  atan2.o(i.__hardfp_atan2)
    __hardfp_atof                            0x08003491   Thumb Code    44  atof.o(i.__hardfp_atof)
    __hardfp_fabs                            0x080034c9   Thumb Code    20  fabs.o(i.__hardfp_fabs)
    __hardfp_fmod                            0x080034dd   Thumb Code   254  fmod.o(i.__hardfp_fmod)
    __kernel_poly                            0x080035e1   Thumb Code   248  poly.o(i.__kernel_poly)
    __mathlib_dbl_infnan                     0x080036d9   Thumb Code    20  dunder.o(i.__mathlib_dbl_infnan)
    __mathlib_dbl_infnan2                    0x080036ed   Thumb Code    20  dunder.o(i.__mathlib_dbl_infnan2)
    __mathlib_dbl_invalid                    0x08003701   Thumb Code    24  dunder.o(i.__mathlib_dbl_invalid)
    __mathlib_dbl_underflow                  0x08003721   Thumb Code    24  dunder.o(i.__mathlib_dbl_underflow)
    __read_errno                             0x08003741   Thumb Code     6  errno.o(i.__read_errno)
    __scatterload_copy                       0x0800374d   Thumb Code    14  handlers.o(i.__scatterload_copy)
    __scatterload_null                       0x0800375b   Thumb Code     2  handlers.o(i.__scatterload_null)
    __scatterload_zeroinit                   0x0800375d   Thumb Code    14  handlers.o(i.__scatterload_zeroinit)
    __set_errno                              0x0800376d   Thumb Code     6  errno.o(i.__set_errno)
    _cos                                     0x08003779   Thumb Code    68  foc_utils.o(i._cos)
    _electricalAngle                         0x080037c5   Thumb Code    18  foc_utils.o(i._electricalAngle)
    _is_digit                                0x0800395d   Thumb Code    14  scanf_fp.o(i._is_digit)
    _micros                                  0x0800396d   Thumb Code    44  delay.o(i._micros)
    _normalizeAngle                          0x080039a1   Thumb Code    88  foc_utils.o(i._normalizeAngle)
    _sin                                     0x08004135   Thumb Code   420  foc_utils.o(i._sin)
    _sqrtApprox                              0x08004309   Thumb Code    28  foc_utils.o(i._sqrtApprox)
    absoluteZeroSearch                       0x08004329   Thumb Code   242  bldcmotor.o(i.absoluteZeroSearch)
    alignSensor                              0x0800447d   Thumb Code   688  bldcmotor.o(i.alignSensor)
    angleOpenloop                            0x08004895   Thumb Code   324  bldcmotor.o(i.angleOpenloop)
    atan                                     0x080049fd   Thumb Code    16  atan.o(i.atan)
    commander_run                            0x08004a0d   Thumb Code   350  main.o(i.commander_run)
    delay_ms                                 0x08004bd5   Thumb Code    48  delay.o(i.delay_ms)
    electricalAngle                          0x08004c05   Thumb Code    48  focmotor.o(i.electricalAngle)
    fabs                                     0x08004c45   Thumb Code    24  fabs.o(i.fabs)
    fputc                                    0x08004c5d   Thumb Code    24  usart2.o(i.fputc)
    getAngle                                 0x08004c79   Thumb Code    50  hallsensor.o(i.getAngle)
    getDCCurrent                             0x08004cbd   Thumb Code   388  currentsense.o(i.getDCCurrent)
    getFOCCurrents                           0x08004e4d   Thumb Code   352  currentsense.o(i.getFOCCurrents)
    getPhaseCurrents                         0x08004fb9   Thumb Code   154  lowsidecurrentsense.o(i.getPhaseCurrents)
    getVelocity                              0x0800508d   Thumb Code   134  hallsensor.o(i.getVelocity)
    get_vbus_voltage                         0x08005139   Thumb Code    42  adc.o(i.get_vbus_voltage)
    loopFOC                                  0x08005175   Thumb Code   294  bldcmotor.o(i.loopFOC)
    main                                     0x080052f1   Thumb Code   348  main.o(i.main)
    move                                     0x080054d5   Thumb Code   286  bldcmotor.o(i.move)
    setPhaseVoltage                          0x08005621   Thumb Code   634  bldcmotor.o(i.setPhaseVoltage)
    shaftAngle                               0x080058b9   Thumb Code    32  focmotor.o(i.shaftAngle)
    shaftVelocity                            0x080058e1   Thumb Code    40  focmotor.o(i.shaftVelocity)
    systick_CountInit                        0x08005911   Thumb Code    18  delay.o(i.systick_CountInit)
    timecount                                0x08005929   Thumb Code    42  main.o(i.timecount)
    updateState                              0x08005959   Thumb Code   200  hallsensor.o(i.updateState)
    velocityOpenloop                         0x08005a4d   Thumb Code   158  bldcmotor.o(i.velocityOpenloop)
    sine_array                               0x08005b0c   Data         800  foc_utils.o(.constdata)
    ELECTRIC_SECTORS                         0x08005e2c   Data           8  hallsensor.o(.constdata)
    __mathlib_zero                           0x08005ed0   Data           8  qnan.o(.constdata)
    __ctype_categories                       0x08005ed8   Data          64  ctype_c.o(.constdata)
    Region$$Table$$Base                      0x08005f18   Number         0  anon$$obj.o(Region$$Table)
    Region$$Table$$Limit                     0x08005f38   Number         0  anon$$obj.o(Region$$Table)
    timecntr_pre                             0x20000000   Data           4  main.o(.data)
    time_cntr                                0x20000004   Data           4  main.o(.data)
    target                                   0x20000008   Data           4  main.o(.data)
    sysTickUptime                            0x2000001c   Data           4  delay.o(.data)
    rcv2_cntr                                0x20000020   Data           4  usart2.o(.data)
    rcv2_flag                                0x20000024   Data           4  usart2.o(.data)
    __stdout                                 0x20000028   Data           4  usart2.o(.data)
    m0_phA                                   0x2000002c   Data           4  adc.o(.data)
    m0_phB                                   0x20000030   Data           4  adc.o(.data)
    m0_phC                                   0x20000034   Data           4  adc.o(.data)
    sensor_direction                         0x20000038   Data           4  bldcmotor.o(.data)
    voltage_power_supply                     0x2000003c   Data           4  bldcmotor.o(.data)
    voltage_limit                            0x20000040   Data           4  bldcmotor.o(.data)
    voltage_sensor_align                     0x20000044   Data           4  bldcmotor.o(.data)
    pole_pairs                               0x20000048   Data           4  bldcmotor.o(.data)
    open_loop_timestamp                      0x2000004c   Data           4  bldcmotor.o(.data)
    velocity_limit                           0x20000050   Data           4  bldcmotor.o(.data)
    current_limit                            0x20000054   Data           4  bldcmotor.o(.data)
    Index_needsSearch                        0x20000058   Data           4  bldcmotor.o(.data)
    index_found                              0x2000005c   Data           4  bldcmotor.o(.data)
    angle_prev                               0x20000060   Data           4  bldcmotor.o(.data)
    shaft_angle                              0x20000064   Data           4  focmotor.o(.data)
    electrical_angle                         0x20000068   Data           4  focmotor.o(.data)
    shaft_velocity                           0x2000006c   Data           4  focmotor.o(.data)
    current_sp                               0x20000070   Data           4  focmotor.o(.data)
    shaft_velocity_sp                        0x20000074   Data           4  focmotor.o(.data)
    shaft_angle_sp                           0x20000078   Data           4  focmotor.o(.data)
    voltage                                  0x2000007c   Data           8  focmotor.o(.data)
    current                                  0x20000084   Data           8  focmotor.o(.data)
    torque_controller                        0x2000008c   Data           1  focmotor.o(.data)
    controller                               0x2000008d   Data           1  focmotor.o(.data)
    sensor_offset                            0x20000090   Data           4  focmotor.o(.data)
    zero_electric_angle                      0x20000094   Data           4  focmotor.o(.data)
    pinA                                     0x20000098   Data           4  lowsidecurrentsense.o(.data)
    pinB                                     0x2000009c   Data           4  lowsidecurrentsense.o(.data)
    pinC                                     0x200000a0   Data           4  lowsidecurrentsense.o(.data)
    gain_a                                   0x200000a4   Data           4  lowsidecurrentsense.o(.data)
    gain_b                                   0x200000a8   Data           4  lowsidecurrentsense.o(.data)
    gain_c                                   0x200000ac   Data           4  lowsidecurrentsense.o(.data)
    offset_ia                                0x200000b0   Data           4  lowsidecurrentsense.o(.data)
    offset_ib                                0x200000b4   Data           4  lowsidecurrentsense.o(.data)
    offset_ic                                0x200000b8   Data           4  lowsidecurrentsense.o(.data)
    A_active                                 0x200000bc   Data           1  hallsensor.o(.data)
    B_active                                 0x200000bd   Data           1  hallsensor.o(.data)
    C_active                                 0x200000be   Data           1  hallsensor.o(.data)
    hall_state                               0x200000bf   Data           1  hallsensor.o(.data)
    direction                                0x200000c0   Data           1  hallsensor.o(.data)
    old_direction                            0x200000c1   Data           1  hallsensor.o(.data)
    electric_sector                          0x200000c2   Data           1  hallsensor.o(.data)
    electric_rotations                       0x200000c4   Data           4  hallsensor.o(.data)
    pulse_timestamp                          0x200000c8   Data           4  hallsensor.o(.data)
    pulse_diff                               0x200000cc   Data           4  hallsensor.o(.data)
    cpr                                      0x200000d0   Data           4  hallsensor.o(.data)
    snd2_buff                                0x200000d8   Data         256  usart2.o(.bss)
    rcv2_buff                                0x200001d8   Data         256  usart2.o(.bss)
    adc1_value                               0x200002d8   Data          64  adc.o(.bss)
    LPF_current_q                            0x20000318   Data          12  lowpass_filter.o(.bss)
    LPF_current_d                            0x20000324   Data          12  lowpass_filter.o(.bss)
    LPF_velocity                             0x20000330   Data          12  lowpass_filter.o(.bss)
    PID_current_q                            0x2000033c   Data          36  pid.o(.bss)
    PID_current_d                            0x20000360   Data          36  pid.o(.bss)
    PID_velocity                             0x20000384   Data          36  pid.o(.bss)
    P_angle                                  0x200003a8   Data          36  pid.o(.bss)
    __initial_sp                             0x200007d0   Data           0  startup_stm32f40_41xxx.o(STACK)



==============================================================================

Memory Map of the image

  Image Entry point : 0x08000189

  Load Region LR_IROM1 (Base: 0x08000000, Size: 0x00006010, Max: 0x00080000, ABSOLUTE)

    Execution Region ER_IROM1 (Exec base: 0x08000000, Load base: 0x08000000, Size: 0x00005f38, Max: 0x00080000, ABSOLUTE)

    Exec Addr    Load Addr    Size         Type   Attr      Idx    E Section Name        Object

    0x08000000   0x08000000   0x00000188   Data   RO          213    RESET               startup_stm32f40_41xxx.o
    0x08000188   0x08000188   0x00000000   Code   RO         5613  * .ARM.Collect$$$$00000000  mc_w.l(entry.o)
    0x08000188   0x08000188   0x00000004   Code   RO         5920    .ARM.Collect$$$$00000001  mc_w.l(entry2.o)
    0x0800018c   0x0800018c   0x00000004   Code   RO         5923    .ARM.Collect$$$$00000004  mc_w.l(entry5.o)
    0x08000190   0x08000190   0x00000000   Code   RO         5925    .ARM.Collect$$$$00000008  mc_w.l(entry7b.o)
    0x08000190   0x08000190   0x00000000   Code   RO         5927    .ARM.Collect$$$$0000000A  mc_w.l(entry8b.o)
    0x08000190   0x08000190   0x00000008   Code   RO         5928    .ARM.Collect$$$$0000000B  mc_w.l(entry9a.o)
    0x08000198   0x08000198   0x00000000   Code   RO         5930    .ARM.Collect$$$$0000000D  mc_w.l(entry10a.o)
    0x08000198   0x08000198   0x00000000   Code   RO         5932    .ARM.Collect$$$$0000000F  mc_w.l(entry11a.o)
    0x08000198   0x08000198   0x00000004   Code   RO         5921    .ARM.Collect$$$$00002712  mc_w.l(entry2.o)
    0x0800019c   0x0800019c   0x00000024   Code   RO          214    .text               startup_stm32f40_41xxx.o
    0x080001c0   0x080001c0   0x00000024   Code   RO         5616    .text               mc_w.l(memseta.o)
    0x080001e4   0x080001e4   0x0000014e   Code   RO         5879    .text               mf_w.l(dadd.o)
    0x08000332   0x08000332   0x000000e4   Code   RO         5881    .text               mf_w.l(dmul.o)
    0x08000416   0x08000416   0x00000022   Code   RO         5883    .text               mf_w.l(dflti.o)
    0x08000438   0x08000438   0x00000026   Code   RO         5885    .text               mf_w.l(f2d.o)
    0x0800045e   0x0800045e   0x00000002   PAD
    0x08000460   0x08000460   0x00000030   Code   RO         5887    .text               mf_w.l(cdrcmple.o)
    0x08000490   0x08000490   0x00000038   Code   RO         5889    .text               mf_w.l(d2f.o)
    0x080004c8   0x080004c8   0x0000002c   Code   RO         5934    .text               mc_w.l(uidiv.o)
    0x080004f4   0x080004f4   0x00000062   Code   RO         5936    .text               mc_w.l(uldiv.o)
    0x08000556   0x08000556   0x0000001e   Code   RO         5938    .text               mc_w.l(llshl.o)
    0x08000574   0x08000574   0x00000024   Code   RO         5940    .text               mc_w.l(llsshr.o)
    0x08000598   0x08000598   0x0000009c   Code   RO         5949    .text               mc_w.l(strtod.o)
    0x08000634   0x08000634   0x00000000   Code   RO         5951    .text               mc_w.l(iusefp.o)
    0x08000634   0x08000634   0x0000006e   Code   RO         5952    .text               mf_w.l(fepilogue.o)
    0x080006a2   0x080006a2   0x000000ba   Code   RO         5954    .text               mf_w.l(depilogue.o)
    0x0800075c   0x0800075c   0x000000de   Code   RO         5956    .text               mf_w.l(ddiv.o)
    0x0800083a   0x0800083a   0x00000086   Code   RO         5960    .text               mf_w.l(drem.o)
    0x080008c0   0x080008c0   0x00000030   Code   RO         5962    .text               mf_w.l(dfixul.o)
    0x080008f0   0x080008f0   0x00000024   Code   RO         5968    .text               mc_w.l(init.o)
    0x08000914   0x08000914   0x00000020   Code   RO         5970    .text               mc_w.l(llushr.o)
    0x08000934   0x08000934   0x0000000a   Code   RO         5972    .text               mc_w.l(isspace_c.o)
    0x0800093e   0x0800093e   0x00000002   PAD
    0x08000940   0x08000940   0x00000360   Code   RO         5974    .text               mc_w.l(scanf_fp.o)
    0x08000ca0   0x08000ca0   0x00000040   Code   RO         5978    .text               mc_w.l(_sgetc.o)
    0x08000ce0   0x08000ce0   0x00000028   Code   RO         5980    .text               mc_w.l(ctype_c.o)
    0x08000d08   0x08000d08   0x00000018   Code   RO         5983    .text               mf_w.l(dfltul.o)
    0x08000d20   0x08000d20   0x00000118   Code   RO         5164    i.ADC1_DMA_Init     adc.o
    0x08000e38   0x08000e38   0x000000b0   Code   RO         5165    i.ADC2_TRGO_Init    adc.o
    0x08000ee8   0x08000ee8   0x000000b0   Code   RO         5166    i.ADC3_TRGO_Init    adc.o
    0x08000f98   0x08000f98   0x00000016   Code   RO          326    i.ADC_AutoInjectedConvCmd  stm32f4xx_adc.o
    0x08000fae   0x08000fae   0x00000016   Code   RO          329    i.ADC_Cmd           stm32f4xx_adc.o
    0x08000fc4   0x08000fc4   0x00000030   Code   RO          330    i.ADC_CommonInit    stm32f4xx_adc.o
    0x08000ff4   0x08000ff4   0x0000006c   Code   RO         5167    i.ADC_Common_Init   adc.o
    0x08001060   0x08001060   0x00000016   Code   RO          333    i.ADC_DMACmd        stm32f4xx_adc.o
    0x08001076   0x08001076   0x00000016   Code   RO          334    i.ADC_DMARequestAfterLastTransferCmd  stm32f4xx_adc.o
    0x0800108c   0x0800108c   0x00000016   Code   RO          338    i.ADC_EOCOnEachRegularChannelCmd  stm32f4xx_adc.o
    0x080010a2   0x080010a2   0x00000010   Code   RO          339    i.ADC_ExternalTrigInjectedConvConfig  stm32f4xx_adc.o
    0x080010b2   0x080010b2   0x00000010   Code   RO          340    i.ADC_ExternalTrigInjectedConvEdgeConfig  stm32f4xx_adc.o
    0x080010c2   0x080010c2   0x00000002   PAD
    0x080010c4   0x080010c4   0x00000098   Code   RO         5168    i.ADC_IRQHandler    adc.o
    0x0800115c   0x0800115c   0x00000020   Code   RO          348    i.ADC_ITConfig      stm32f4xx_adc.o
    0x0800117c   0x0800117c   0x00000054   Code   RO          349    i.ADC_Init          stm32f4xx_adc.o
    0x080011d0   0x080011d0   0x00000082   Code   RO          350    i.ADC_InjectedChannelConfig  stm32f4xx_adc.o
    0x08001252   0x08001252   0x00000016   Code   RO          351    i.ADC_InjectedDiscModeCmd  stm32f4xx_adc.o
    0x08001268   0x08001268   0x00000018   Code   RO          352    i.ADC_InjectedSequencerLengthConfig  stm32f4xx_adc.o
    0x08001280   0x08001280   0x000000b8   Code   RO          354    i.ADC_RegularChannelConfig  stm32f4xx_adc.o
    0x08001338   0x08001338   0x00000014   Code   RO          355    i.ADC_SetInjectedOffset  stm32f4xx_adc.o
    0x0800134c   0x0800134c   0x0000000a   Code   RO          356    i.ADC_SoftwareStartConv  stm32f4xx_adc.o
    0x08001356   0x08001356   0x00000002   PAD
    0x08001358   0x08001358   0x0000018c   Code   RO         5458    i.Current_calibrateOffsets  lowsidecurrentsense.o
    0x080014e4   0x080014e4   0x00000028   Code   RO         5080    i.DMA1_Stream6_IRQHandler  usart2.o
    0x0800150c   0x0800150c   0x0000002c   Code   RO         5169    i.DMA2_Stream0_IRQHandler  adc.o
    0x08001538   0x08001538   0x00000034   Code   RO         1266    i.DMA_ClearFlag     stm32f4xx_dma.o
    0x0800156c   0x0800156c   0x00000034   Code   RO         1267    i.DMA_ClearITPendingBit  stm32f4xx_dma.o
    0x080015a0   0x080015a0   0x00000016   Code   RO         1268    i.DMA_Cmd           stm32f4xx_dma.o
    0x080015b6   0x080015b6   0x00000002   PAD
    0x080015b8   0x080015b8   0x00000158   Code   RO         1269    i.DMA_DeInit        stm32f4xx_dma.o
    0x08001710   0x08001710   0x00000014   Code   RO         1273    i.DMA_GetCmdStatus  stm32f4xx_dma.o
    0x08001724   0x08001724   0x00000008   Code   RO         1274    i.DMA_GetCurrDataCounter  stm32f4xx_dma.o
    0x0800172c   0x0800172c   0x00000064   Code   RO         1278    i.DMA_GetITStatus   stm32f4xx_dma.o
    0x08001790   0x08001790   0x0000003a   Code   RO         1279    i.DMA_ITConfig      stm32f4xx_dma.o
    0x080017ca   0x080017ca   0x00000002   PAD
    0x080017cc   0x080017cc   0x00000058   Code   RO         1280    i.DMA_Init          stm32f4xx_dma.o
    0x08001824   0x08001824   0x00000004   Code   RO         1283    i.DMA_SetCurrDataCounter  stm32f4xx_dma.o
    0x08001828   0x08001828   0x0000002c   Code   RO         5525    i.EXTI4_IRQHandler  hallsensor.o
    0x08001854   0x08001854   0x00000058   Code   RO         5526    i.EXTI9_5_IRQHandler  hallsensor.o
    0x080018ac   0x080018ac   0x0000000c   Code   RO         1526    i.EXTI_ClearITPendingBit  stm32f4xx_exti.o
    0x080018b8   0x080018b8   0x00000018   Code   RO         1530    i.EXTI_GetITStatus  stm32f4xx_exti.o
    0x080018d0   0x080018d0   0x00000094   Code   RO         1531    i.EXTI_Init         stm32f4xx_exti.o
    0x08001964   0x08001964   0x00000038   Code   RO            3    i.GPIO_Configure    main.o
    0x0800199c   0x0800199c   0x00000090   Code   RO         2002    i.GPIO_Init         stm32f4xx_gpio.o
    0x08001a2c   0x08001a2c   0x00000046   Code   RO         2003    i.GPIO_PinAFConfig  stm32f4xx_gpio.o
    0x08001a72   0x08001a72   0x00000012   Code   RO         2006    i.GPIO_ReadInputDataBit  stm32f4xx_gpio.o
    0x08001a84   0x08001a84   0x00000004   Code   RO         2009    i.GPIO_ResetBits    stm32f4xx_gpio.o
    0x08001a88   0x08001a88   0x000000e8   Code   RO         5527    i.Hall_init         hallsensor.o
    0x08001b70   0x08001b70   0x00000068   Code   RO         5394    i.LPF_init          lowpass_filter.o
    0x08001bd8   0x08001bd8   0x0000009c   Code   RO         5395    i.LPFoperator       lowpass_filter.o
    0x08001c74   0x08001c74   0x00000054   Code   RO         5459    i.LowsideCurrentSense  lowsidecurrentsense.o
    0x08001cc8   0x08001cc8   0x0000002c   Code   RO         5460    i.LowsideCurrentSense_Init  lowsidecurrentsense.o
    0x08001cf4   0x08001cf4   0x000000a0   Code   RO         5281    i.Motor_init        bldcmotor.o
    0x08001d94   0x08001d94   0x0000008c   Code   RO         5282    i.Motor_initFOC     bldcmotor.o
    0x08001e20   0x08001e20   0x00000078   Code   RO          279    i.NVIC_Init         misc.o
    0x08001e98   0x08001e98   0x00000124   Code   RO         5426    i.PID_init          pid.o
    0x08001fbc   0x08001fbc   0x00000180   Code   RO         5427    i.PIDoperator       pid.o
    0x0800213c   0x0800213c   0x00000020   Code   RO         2866    i.RCC_AHB1PeriphClockCmd  stm32f4xx_rcc.o
    0x0800215c   0x0800215c   0x00000020   Code   RO         2875    i.RCC_APB1PeriphClockCmd  stm32f4xx_rcc.o
    0x0800217c   0x0800217c   0x00000020   Code   RO         2877    i.RCC_APB1PeriphResetCmd  stm32f4xx_rcc.o
    0x0800219c   0x0800219c   0x00000020   Code   RO         2878    i.RCC_APB2PeriphClockCmd  stm32f4xx_rcc.o
    0x080021bc   0x080021bc   0x00000020   Code   RO         2880    i.RCC_APB2PeriphResetCmd  stm32f4xx_rcc.o
    0x080021dc   0x080021dc   0x000000e8   Code   RO         2887    i.RCC_GetClocksFreq  stm32f4xx_rcc.o
    0x080022c4   0x080022c4   0x00000040   Code   RO         4144    i.SYSCFG_EXTILineConfig  stm32f4xx_syscfg.o
    0x08002304   0x08002304   0x000000ec   Code   RO          220    i.SetSysClock       system_stm32f4xx.o
    0x080023f0   0x080023f0   0x00000010   Code   RO         5009    i.SysTick_Handler   delay.o
    0x08002400   0x08002400   0x00000068   Code   RO          222    i.SystemInit        system_stm32f4xx.o
    0x08002468   0x08002468   0x0000017c   Code   RO         5141    i.TIM1_PWM_Init     timer.o
    0x080025e4   0x080025e4   0x00000018   Code   RO         4201    i.TIM_ARRPreloadConfig  stm32f4xx_tim.o
    0x080025fc   0x080025fc   0x00000020   Code   RO         4202    i.TIM_BDTRConfig    stm32f4xx_tim.o
    0x0800261c   0x0800261c   0x00000018   Code   RO         4213    i.TIM_Cmd           stm32f4xx_tim.o
    0x08002634   0x08002634   0x0000001e   Code   RO         4215    i.TIM_CtrlPWMOutputs  stm32f4xx_tim.o
    0x08002652   0x08002652   0x00000002   PAD
    0x08002654   0x08002654   0x00000190   Code   RO         4218    i.TIM_DeInit        stm32f4xx_tim.o
    0x080027e4   0x080027e4   0x0000007c   Code   RO         4242    i.TIM_OC1Init       stm32f4xx_tim.o
    0x08002860   0x08002860   0x00000012   Code   RO         4245    i.TIM_OC1PreloadConfig  stm32f4xx_tim.o
    0x08002872   0x08002872   0x00000002   PAD
    0x08002874   0x08002874   0x000000a4   Code   RO         4247    i.TIM_OC2Init       stm32f4xx_tim.o
    0x08002918   0x08002918   0x0000001a   Code   RO         4250    i.TIM_OC2PreloadConfig  stm32f4xx_tim.o
    0x08002932   0x08002932   0x00000002   PAD
    0x08002934   0x08002934   0x000000a0   Code   RO         4252    i.TIM_OC3Init       stm32f4xx_tim.o
    0x080029d4   0x080029d4   0x00000012   Code   RO         4255    i.TIM_OC3PreloadConfig  stm32f4xx_tim.o
    0x080029e6   0x080029e6   0x00000012   Code   RO         4271    i.TIM_SelectOutputTrigger  stm32f4xx_tim.o
    0x080029f8   0x080029f8   0x00000004   Code   RO         4275    i.TIM_SetCompare1   stm32f4xx_tim.o
    0x080029fc   0x080029fc   0x00000004   Code   RO         4276    i.TIM_SetCompare2   stm32f4xx_tim.o
    0x08002a00   0x08002a00   0x00000004   Code   RO         4277    i.TIM_SetCompare3   stm32f4xx_tim.o
    0x08002a04   0x08002a04   0x00000084   Code   RO         4285    i.TIM_TimeBaseInit  stm32f4xx_tim.o
    0x08002a88   0x08002a88   0x0000006c   Code   RO         5081    i.USART2_IRQHandler  usart2.o
    0x08002af4   0x08002af4   0x0000019c   Code   RO         5082    i.USART2_Init       usart2.o
    0x08002c90   0x08002c90   0x00000030   Code   RO         5083    i.USART2_SendDMA    usart2.o
    0x08002cc0   0x08002cc0   0x00000018   Code   RO         4763    i.USART_Cmd         stm32f4xx_usart.o
    0x08002cd8   0x08002cd8   0x00000012   Code   RO         4764    i.USART_DMACmd      stm32f4xx_usart.o
    0x08002cea   0x08002cea   0x00000002   PAD
    0x08002cec   0x08002cec   0x000000f0   Code   RO         4765    i.USART_DeInit      stm32f4xx_usart.o
    0x08002ddc   0x08002ddc   0x00000054   Code   RO         4767    i.USART_GetITStatus  stm32f4xx_usart.o
    0x08002e30   0x08002e30   0x0000004a   Code   RO         4769    i.USART_ITConfig    stm32f4xx_usart.o
    0x08002e7a   0x08002e7a   0x00000002   PAD
    0x08002e7c   0x08002e7c   0x000000d4   Code   RO         4770    i.USART_Init        stm32f4xx_usart.o
    0x08002f50   0x08002f50   0x00000020   Code   RO         5851    i.__0printf         mc_w.l(printfa.o)
    0x08002f70   0x08002f70   0x00000028   Code   RO         5853    i.__0sprintf        mc_w.l(printfa.o)
    0x08002f98   0x08002f98   0x00000030   Code   RO         5964    i.__ARM_fpclassify  m_wm.l(fpclassify.o)
    0x08002fc8   0x08002fc8   0x000002d8   Code   RO         5891    i.__hardfp_atan     m_wm.l(atan.o)
    0x080032a0   0x080032a0   0x000001f0   Code   RO         5577    i.__hardfp_atan2    m_wm.l(atan2.o)
    0x08003490   0x08003490   0x00000038   Code   RO         5589    i.__hardfp_atof     m_wm.l(atof.o)
    0x080034c8   0x080034c8   0x00000014   Code   RO         5595    i.__hardfp_fabs     m_wm.l(fabs.o)
    0x080034dc   0x080034dc   0x00000104   Code   RO         5601    i.__hardfp_fmod     m_wm.l(fmod.o)
    0x080035e0   0x080035e0   0x000000f8   Code   RO         5966    i.__kernel_poly     m_wm.l(poly.o)
    0x080036d8   0x080036d8   0x00000014   Code   RO         5906    i.__mathlib_dbl_infnan  m_wm.l(dunder.o)
    0x080036ec   0x080036ec   0x00000014   Code   RO         5907    i.__mathlib_dbl_infnan2  m_wm.l(dunder.o)
    0x08003700   0x08003700   0x00000020   Code   RO         5908    i.__mathlib_dbl_invalid  m_wm.l(dunder.o)
    0x08003720   0x08003720   0x00000020   Code   RO         5911    i.__mathlib_dbl_underflow  m_wm.l(dunder.o)
    0x08003740   0x08003740   0x0000000c   Code   RO         5943    i.__read_errno      mc_w.l(errno.o)
    0x0800374c   0x0800374c   0x0000000e   Code   RO         5987    i.__scatterload_copy  mc_w.l(handlers.o)
    0x0800375a   0x0800375a   0x00000002   Code   RO         5988    i.__scatterload_null  mc_w.l(handlers.o)
    0x0800375c   0x0800375c   0x0000000e   Code   RO         5989    i.__scatterload_zeroinit  mc_w.l(handlers.o)
    0x0800376a   0x0800376a   0x00000002   PAD
    0x0800376c   0x0800376c   0x0000000c   Code   RO         5944    i.__set_errno       mc_w.l(errno.o)
    0x08003778   0x08003778   0x0000004c   Code   RO         5224    i._cos              foc_utils.o
    0x080037c4   0x080037c4   0x00000012   Code   RO         5225    i._electricalAngle  foc_utils.o
    0x080037d6   0x080037d6   0x00000002   PAD
    0x080037d8   0x080037d8   0x00000184   Code   RO         5858    i._fp_digits        mc_w.l(printfa.o)
    0x0800395c   0x0800395c   0x0000000e   Code   RO         5976    i._is_digit         mc_w.l(scanf_fp.o)
    0x0800396a   0x0800396a   0x00000002   PAD
    0x0800396c   0x0800396c   0x00000034   Code   RO         5010    i._micros           delay.o
    0x080039a0   0x080039a0   0x00000064   Code   RO         5226    i._normalizeAngle   foc_utils.o
    0x08003a04   0x08003a04   0x000006dc   Code   RO         5859    i._printf_core      mc_w.l(printfa.o)
    0x080040e0   0x080040e0   0x00000024   Code   RO         5860    i._printf_post_padding  mc_w.l(printfa.o)
    0x08004104   0x08004104   0x0000002e   Code   RO         5861    i._printf_pre_padding  mc_w.l(printfa.o)
    0x08004132   0x08004132   0x00000002   PAD
    0x08004134   0x08004134   0x000001c8   Code   RO         5227    i._sin              foc_utils.o
    0x080042fc   0x080042fc   0x0000000a   Code   RO         5863    i._sputc            mc_w.l(printfa.o)
    0x08004306   0x08004306   0x00000002   PAD
    0x08004308   0x08004308   0x00000020   Code   RO         5228    i._sqrtApprox       foc_utils.o
    0x08004328   0x08004328   0x00000154   Code   RO         5283    i.absoluteZeroSearch  bldcmotor.o
    0x0800447c   0x0800447c   0x00000418   Code   RO         5284    i.alignSensor       bldcmotor.o
    0x08004894   0x08004894   0x00000168   Code   RO         5285    i.angleOpenloop     bldcmotor.o
    0x080049fc   0x080049fc   0x00000010   Code   RO         5893    i.atan              m_wm.l(atan.o)
    0x08004a0c   0x08004a0c   0x000001c8   Code   RO            4    i.commander_run     main.o
    0x08004bd4   0x08004bd4   0x00000030   Code   RO         5011    i.delay_ms          delay.o
    0x08004c04   0x08004c04   0x00000040   Code   RO         5356    i.electricalAngle   focmotor.o
    0x08004c44   0x08004c44   0x00000018   Code   RO         5597    i.fabs              m_wm.l(fabs.o)
    0x08004c5c   0x08004c5c   0x0000001c   Code   RO         5085    i.fputc             usart2.o
    0x08004c78   0x08004c78   0x00000044   Code   RO         5528    i.getAngle          hallsensor.o
    0x08004cbc   0x08004cbc   0x00000190   Code   RO         5499    i.getDCCurrent      currentsense.o
    0x08004e4c   0x08004e4c   0x0000016c   Code   RO         5500    i.getFOCCurrents    currentsense.o
    0x08004fb8   0x08004fb8   0x000000d4   Code   RO         5461    i.getPhaseCurrents  lowsidecurrentsense.o
    0x0800508c   0x0800508c   0x000000ac   Code   RO         5529    i.getVelocity       hallsensor.o
    0x08005138   0x08005138   0x0000003c   Code   RO         5170    i.get_vbus_voltage  adc.o
    0x08005174   0x08005174   0x0000017c   Code   RO         5286    i.loopFOC           bldcmotor.o
    0x080052f0   0x080052f0   0x000001e4   Code   RO            5    i.main              main.o
    0x080054d4   0x080054d4   0x0000014c   Code   RO         5287    i.move              bldcmotor.o
    0x08005620   0x08005620   0x00000298   Code   RO         5288    i.setPhaseVoltage   bldcmotor.o
    0x080058b8   0x080058b8   0x00000028   Code   RO         5357    i.shaftAngle        focmotor.o
    0x080058e0   0x080058e0   0x00000030   Code   RO         5358    i.shaftVelocity     focmotor.o
    0x08005910   0x08005910   0x00000018   Code   RO         5013    i.systick_CountInit  delay.o
    0x08005928   0x08005928   0x00000030   Code   RO            6    i.timecount         main.o
    0x08005958   0x08005958   0x000000f4   Code   RO         5530    i.updateState       hallsensor.o
    0x08005a4c   0x08005a4c   0x000000c0   Code   RO         5289    i.velocityOpenloop  bldcmotor.o
    0x08005b0c   0x08005b0c   0x00000320   Data   RO         5229    .constdata          foc_utils.o
    0x08005e2c   0x08005e2c   0x00000008   Data   RO         5531    .constdata          hallsensor.o
    0x08005e34   0x08005e34   0x00000004   PAD
    0x08005e38   0x08005e38   0x00000098   Data   RO         5894    .constdata          m_wm.l(atan.o)
    0x08005ed0   0x08005ed0   0x00000008   Data   RO         5919    .constdata          m_wm.l(qnan.o)
    0x08005ed8   0x08005ed8   0x00000040   Data   RO         5981    .constdata          mc_w.l(ctype_c.o)
    0x08005f18   0x08005f18   0x00000020   Data   RO         5985    Region$$Table       anon$$obj.o


    Execution Region RW_IRAM1 (Exec base: 0x20000000, Load base: 0x08005f38, Size: 0x000007d0, Max: 0x00020000, ABSOLUTE)

    Exec Addr    Load Addr    Size         Type   Attr      Idx    E Section Name        Object

    0x20000000   0x08005f38   0x0000000c   Data   RW            7    .data               main.o
    0x2000000c   0x08005f44   0x00000010   Data   RW         2919    .data               stm32f4xx_rcc.o
    0x2000001c   0x08005f54   0x00000004   Data   RW         5014    .data               delay.o
    0x20000020   0x08005f58   0x0000000c   Data   RW         5087    .data               usart2.o
    0x2000002c   0x08005f64   0x0000000c   Data   RW         5172    .data               adc.o
    0x20000038   0x08005f70   0x0000002c   Data   RW         5290    .data               bldcmotor.o
    0x20000064   0x08005f9c   0x00000034   Data   RW         5359    .data               focmotor.o
    0x20000098   0x08005fd0   0x00000024   Data   RW         5462    .data               lowsidecurrentsense.o
    0x200000bc   0x08005ff4   0x00000018   Data   RW         5532    .data               hallsensor.o
    0x200000d4   0x0800600c   0x00000004   Data   RW         5945    .data               mc_w.l(errno.o)
    0x200000d8        -       0x00000200   Zero   RW         5086    .bss                usart2.o
    0x200002d8        -       0x00000040   Zero   RW         5171    .bss                adc.o
    0x20000318        -       0x00000024   Zero   RW         5396    .bss                lowpass_filter.o
    0x2000033c        -       0x00000090   Zero   RW         5428    .bss                pid.o
    0x200003cc   0x08006010   0x00000004   PAD
    0x200003d0        -       0x00000400   Zero   RW          211    STACK               startup_stm32f40_41xxx.o


==============================================================================

Image component sizes


      Code (inc. data)   RO Data    RW Data    ZI Data      Debug   Object Name

       996         94          0         12         64       4920   adc.o
      3616        784          0         44          0       8698   bldcmotor.o
       764         24          0          0          0       2192   currentsense.o
       140         18          0          4          0       2415   delay.o
       682         60        800          0          0       3970   foc_utils.o
       152         32          0         52          0       2888   focmotor.o
       848        142          8         24          0       4818   hallsensor.o
       260         36          0          0         36       2556   lowpass_filter.o
       736        186          0         36          0       3283   lowsidecurrentsense.o
      1044        252          0         12          0      69577   main.o
       120         14          0          0          0       1032   misc.o
       676         34          0          0        144       2732   pid.o
        36          8        392          0       1024        852   startup_stm32f40_41xxx.o
       696         24          0          0          0      11641   stm32f4xx_adc.o
       748         72          0          0          0       7688   stm32f4xx_dma.o
       184         16          0          0          0       2144   stm32f4xx_exti.o
       236          0          0          0          0       3032   stm32f4xx_gpio.o
       392         48          0         16          0       5909   stm32f4xx_rcc.o
        64          4          0          0          0        668   stm32f4xx_syscfg.o
      1182        112          0          0          0      10778   stm32f4xx_tim.o
       652         42          0          0          0       5072   stm32f4xx_usart.o
       340         32          0          0          0     247013   system_stm32f4xx.o
       380         12          0          0          0        868   timer.o
       636         60          0         12        512       5195   usart2.o

    ----------------------------------------------------------------------
     15600       2106       1236        212       1784     409941   Object Totals
         0          0         32          0          0          0   (incl. Generated)
        20          0          4          0          4          0   (incl. Padding)

    ----------------------------------------------------------------------

      Code (inc. data)   RO Data    RW Data    ZI Data      Debug   Library Member Name

       744        106        152          0          0        352   atan.o
       496         64          0          0          0        192   atan2.o
        56         12          0          0          0        132   atof.o
       104         16          0          0          0        496   dunder.o
        44          0          0          0          0        248   fabs.o
       260          6          0          0          0        144   fmod.o
        48          0          0          0          0        124   fpclassify.o
       248          0          0          0          0        152   poly.o
         0          0          8          0          0          0   qnan.o
        64          0          0          0          0         84   _sgetc.o
        40          6         64          0          0         68   ctype_c.o
         0          0          0          0          0          0   entry.o
         0          0          0          0          0          0   entry10a.o
         0          0          0          0          0          0   entry11a.o
         8          4          0          0          0          0   entry2.o
         4          0          0          0          0          0   entry5.o
         0          0          0          0          0          0   entry7b.o
         0          0          0          0          0          0   entry8b.o
         8          4          0          0          0          0   entry9a.o
        24         12          0          4          0        136   errno.o
        30          0          0          0          0          0   handlers.o
        36          8          0          0          0         68   init.o
        10          0          0          0          0         68   isspace_c.o
         0          0          0          0          0          0   iusefp.o
        30          0          0          0          0         68   llshl.o
        36          0          0          0          0         68   llsshr.o
        32          0          0          0          0         68   llushr.o
        36          0          0          0          0        108   memseta.o
      2308         96          0          0          0        604   printfa.o
       878         12          0          0          0        216   scanf_fp.o
       156         12          0          0          0        120   strtod.o
        44          0          0          0          0         80   uidiv.o
        98          0          0          0          0         92   uldiv.o
        48          0          0          0          0         68   cdrcmple.o
        56          0          0          0          0         88   d2f.o
       334          0          0          0          0        148   dadd.o
       222          0          0          0          0        100   ddiv.o
       186          0          0          0          0        176   depilogue.o
        48          0          0          0          0         68   dfixul.o
        34          0          0          0          0         76   dflti.o
        24          0          0          0          0         76   dfltul.o
       228          0          0          0          0         96   dmul.o
       134          0          0          0          0         96   drem.o
        38          0          0          0          0         68   f2d.o
       110          0          0          0          0        168   fepilogue.o

    ----------------------------------------------------------------------
      7316        358        224          4          0       4916   Library Totals
        12          0          0          0          0          0   (incl. Padding)

    ----------------------------------------------------------------------

      Code (inc. data)   RO Data    RW Data    ZI Data      Debug   Library Name

      2000        204        160          0          0       1840   m_wm.l
      3842        154         64          4          0       1848   mc_w.l
      1462          0          0          0          0       1228   mf_w.l

    ----------------------------------------------------------------------
      7316        358        224          4          0       4916   Library Totals

    ----------------------------------------------------------------------

==============================================================================


      Code (inc. data)   RO Data    RW Data    ZI Data      Debug   

     22916       2464       1460        216       1784     401201   Grand Totals
     22916       2464       1460        216       1784     401201   ELF Image Totals
     22916       2464       1460        216          0          0   ROM Totals

==============================================================================

    Total RO  Size (Code + RO Data)                24376 (  23.80kB)
    Total RW  Size (RW Data + ZI Data)              2000 (   1.95kB)
    Total ROM Size (Code + RO Data + RW Data)      24592 (  24.02kB)

==============================================================================

